02-25 17:08:46.559   4691-4691    C02c11/APPSPAWN                pid-4691              I     [appspawn_server.c:91]AppSpawnChild id 25 flags: 0x0
02-25 17:08:46.560   4691-4691    C02c02/PARAM                   pid-4691              I     [param_request.c:324]ResetParamSecurityLabel g_clientFd: 23
02-25 17:08:46.566   4691-4691    C02c11/APPSPAWN                pid-4691              I     [sandbox_utils.cpp:269]errno is: 2, bind mount /system/data to /mnt/sandbox/100/com.example.testnapi/system/data
02-25 17:08:46.567   4691-4691    C02c11/APPSPAWN                pid-4691              I     [sandbox_utils.cpp:269]errno is: 2, bind mount /system/etc/hosts to /mnt/sandbox/100/com.example.testnapi/data/service/el1/network/hosts_user/hosts
02-25 17:08:46.567   4691-4691    C02c11/APPSPAWN                pid-4691              I     [sandbox_utils.cpp:269]errno is: 2, bind mount /system/resource to /mnt/sandbox/100/com.example.testnapi/system/resource
02-25 17:08:46.567   4691-4691    C02c11/APPSPAWN                pid-4691              I     [sandbox_utils.cpp:269]errno is: 2, bind mount /vendor/lib to /mnt/sandbox/100/com.example.testnapi/vendor/lib
02-25 17:08:46.568   4691-4691    C02c11/APPSPAWN                pid-4691              I     [sandbox_utils.cpp:269]errno is: 2, bind mount /vendor/etc/hiai to /mnt/sandbox/100/com.example.testnapi/vendor/etc/hiai
02-25 17:08:46.568   4691-4691    C02c11/APPSPAWN                pid-4691              I     [sandbox_utils.cpp:269]errno is: 2, bind mount /data/data/hiai to /mnt/sandbox/100/com.example.testnapi/data/data/hiai
02-25 17:08:46.568   4691-4691    C02c11/APPSPAWN                pid-4691              I     [sandbox_utils.cpp:269]errno is: 2, bind mount /vendor/etc/vulkan to /mnt/sandbox/100/com.example.testnapi/vendor/etc/vulkan
02-25 17:08:46.571   4691-4691    C02c11/APPSPAWN                pid-4691              I     [sandbox_utils.cpp:269]errno is: 2, bind mount /data/local/ark-cache/com.example.testnapi to /mnt/sandbox/100/com.example.testnapi/data/storage/ark-cache
02-25 17:08:46.571   4691-4691    C02c11/APPSPAWN                pid-4691              I     [sandbox_utils.cpp:269]errno is: 2, bind mount /data/local/shader_cache/cloud/com.example.testnapi to /mnt/sandbox/100/com.example.testnapi/data/storage/shader_cache/cloud
02-25 17:08:46.572   4691-4691    C02c11/APPSPAWN                pid-4691              I     [sandbox_utils.cpp:269]errno is: 2, bind mount /data/service/el1/public/themes/100/a/app to /mnt/sandbox/100/com.example.testnapi/data/themes/a/app
02-25 17:08:46.572   4691-4691    C02c11/APPSPAWN                pid-4691              I     [sandbox_utils.cpp:269]errno is: 2, bind mount /data/service/el1/public/themes/100/b/app to /mnt/sandbox/100/com.example.testnapi/data/themes/b/app
02-25 17:08:46.575   4691-4691    C02c11/APPSPAWN                pid-4691              I     [sandbox_utils.cpp:269]errno is: 2, bind mount /mnt/hmdfs/100/cloud/data/com.example.testnapi to /mnt/sandbox/100/com.example.testnapi/data/storage/el2/cloud
02-25 17:08:46.577   4691-4691    C02c11/APPSPAWN                pid-4691              I     [sandbox_utils.cpp:269]errno is: 2, bind mount /system/asan/lib64 to /mnt/sandbox/100/com.example.testnapi/system/asan/lib64
02-25 17:08:46.578   4691-4691    C02c11/APPSPAWN                pid-4691              I     [sandbox_utils.cpp:269]errno is: 2, bind mount /vendor/asan/lib64 to /mnt/sandbox/100/com.example.testnapi/vendor/asan/lib64
02-25 17:08:46.580   4691-4691    C02c11/APPSPAWN                pid-4691              I     [sandbox_utils.cpp:269]errno is: 2, bind mount /system/app/SystemResources to /mnt/sandbox/100/com.example.testnapi/data/global/systemResources
02-25 17:08:46.589   4691-4691    C02c11/APPSPAWN                pid-4691              I     [sandbox_utils.cpp:1519]Set appsandbox property success
02-25 17:08:46.591   4691-4691    C02c11/APPSPAWN                pid-4691              I     [sandbox_utils.cpp:1618]Change root dir success
02-25 17:08:46.591   4691-4691    C02c11/APPSPAWN                pid-4691              E     [appspawn_silk.c:118]Load silk library failed for configItems is NULL
02-25 17:08:46.591   4691-4691    C05a06/CODE_SIGN               pid-4691              I     [InitXpm]:Open device file failed: No such file or directory (ignore)
02-25 17:08:46.592   4691-4691    C03f00/MUSL-LDSO               pid-4691              E     Open absolute_path library: check ns accessible failed, pathname /system/lib64/platformsdk/libsecurity_component_client_enhance.z.so namespace ndk.
02-25 17:08:46.592   4691-4691    C03f00/MUSL-LDSO               pid-4691              E     Error loading header /system/lib64/platformsdk/libsecurity_component_client_enhance.z.so, namespace ndk has no inherits, errno=2
02-25 17:08:46.592   4691-4691    C03f00/MUSL-LDSO               pid-4691              E     Error loading header: can't find library /system/lib64/platformsdk/libsecurity_component_client_enhance.z.so in namespace: default
02-25 17:08:46.592   4691-4691    C03f00/MUSL-LDSO               pid-4691              E     dlopen_impl load library header failed for /system/lib64/platformsdk/libsecurity_component_client_enhance.z.so
02-25 17:08:46.592   4691-4691    C05a05/SecCompEnhanceAdapter   pid-4691              E     [InitEnhanceHandler]init enhance lib /system/lib64/platformsdk/libsecurity_component_client_enhance.z.so failed, error Error loading shared library /system/lib64/platformsdk/libsecurity_component_client_enhance.z.so: No such file or directory
02-25 17:08:46.592   4691-4691    C02c11/APPSPAWN                pid-4691              I     [appspawn_server.c:33]NotifyResToParent: 0
02-25 17:08:46.596   4691-4691    C02d0b/HICHECKER               pid-4691              I     hichecker param is empty.
02-25 17:08:46.605   4691-4691    C02c11/APPSPAWN                pid-4691              E     [appspawn_common.c:506]no need set fd info 1, 0
02-25 17:08:46.606   4691-4691    C02c11/APPSPAWN                pid-4691              W     [appspawn_begetctl.c:73]Enter begetctl boot without BEGETCTL_BOOT flag set
02-25 17:08:46.607   4691-4691    C02c11/APPSPAWN                pid-4691              I     Close 4691 fd timeused 1353 us
02-25 17:08:46.608   4691-4691    C01317/AppKit                  pid-4691              I     [main_thread.cpp:2504]App main thread create, pid:4691
02-25 17:08:46.609   4691-4691    C057c4/IPCThreadSkeleton       pid-4691              I     MakeTlsKey 84: key:17
02-25 17:08:46.610   4691-4691    C057c6/BinderInvoker           pid-4691              I     BinderInvoker 92: created invoker 339890576
02-25 17:08:46.611   4691-4691    C01201/EventHandler            pid-4691              I     Create eventHandler 1_28980070401067
02-25 17:08:46.611   4691-4693    C057c1/IPCWorkThread           pid-4691              I     ThreadHandler 110: proto:0 policy:1 name:OS_IPC_0_4693
02-25 17:08:46.612   4691-4693    C057c6/BinderInvoker           pid-4691              I     BinderInvoker 92: created invoker 339892064
02-25 17:08:46.612   4691-4694    C057c1/IPCWorkThread           pid-4691              I     ThreadHandler 110: proto:0 policy:0 name:OS_IPC_1_4694
02-25 17:08:46.613   4691-4694    C057c6/BinderInvoker           pid-4691              I     BinderInvoker 92: created invoker 339892560
02-25 17:08:46.619   4691-4691    C01317/AppKit                  pid-4691              I     [main_thread.cpp:346]attach to appMGR.
02-25 17:08:46.621   4691-4691    C03f00/MUSL-LDSO               pid-4691              E     Open absolute_path library: check ns accessible failed, pathname /system/lib/chipset-pub-sdk/libhitrace_meter.so namespace ndk.
02-25 17:08:46.621   4691-4691    C03f00/MUSL-LDSO               pid-4691              E     Error loading header /system/lib/chipset-pub-sdk/libhitrace_meter.so, namespace ndk has no inherits, errno=2
02-25 17:08:46.621   4691-4691    C03f00/MUSL-LDSO               pid-4691              E     Error loading header: can't find library /system/lib/chipset-pub-sdk/libhitrace_meter.so in namespace: default
02-25 17:08:46.621   4691-4691    C03f00/MUSL-LDSO               pid-4691              E     dlopen_impl load library header failed for /system/lib/chipset-pub-sdk/libhitrace_meter.so
02-25 17:08:46.621   4691-4691    C01201/EventHiTraceAdapter     pid-4691              E     dlopen /system/lib/chipset-pub-sdk/libhitrace_meter.so failed.
02-25 17:08:46.632   4691-4694    C01317/AppKit                  pid-4691              I     [main_thread.cpp:688]ScheduleLaunchAbility called, ability EntryAbility, type is 1.
02-25 17:08:46.633   4691-4697    C057c1/IPCWorkThread           pid-4691              I     ThreadHandler 110: proto:0 policy:0 name:OS_IPC_2_4697
02-25 17:08:46.635   4691-4697    C057c6/BinderInvoker           pid-4691              I     BinderInvoker 92: created invoker 339893552
02-25 17:08:46.647   4691-4691    C03900/ACE_UIContent           pid-4691              I     [74]AceForwardCompatibility [com.example.testnapi] force:1 newpipe:1
02-25 17:08:46.648   4691-4691    C01321/JsRuntime               pid-4691              W     [js_runtime.cpp:881]no lib path to set
02-25 17:08:46.649   4691-4691    C02c02/PARAM                   pid-4691              E     [param_manager.c:749]SystemReadParam failed! name is:ark.profile, errNum is:106!
02-25 17:08:46.650   4691-4691    C03f00/ArkCompiler             pid-4691              I     [ecmascript] asmint: 0, aot: 0, jit: 1, baseline jit: 0, bundle name: com.example.testnapi
02-25 17:08:46.651   4691-4691    C03f00/ArkCompiler             pid-4691              I     [ecmascript] multi-thread check enabled: 0
02-25 17:08:46.652   4691-4691    C01707/CONCUR                  pid-4691              E     [Interface] task 4691 belong to user 20010049 open qos node failed, errno = 2
02-25 17:08:46.653   4691-4691    C02c02/PARAM                   pid-4691              E     [param_manager.c:749]SystemReadParam failed! name is:ark.profile, errNum is:106!
02-25 17:08:46.653   4691-4691    C02c02/PARAM                   pid-4691              E     [param_manager.c:749]SystemReadParam failed! name is:ark.jit.escape.disable, errNum is:106!
02-25 17:08:46.655   4691-4691    C02c02/PARAM                   pid-4691              E     [param_manager.c:749]SystemReadParam failed! name is:persist.ark.properties, errNum is:106!
02-25 17:08:46.657   4691-4691    C03301/LIBUV                   pid-4691              I     loop init: loop addr is 321570624
02-25 17:08:46.658   4691-4691    C03301/LIBUV                   pid-4691              I     loop init: loop add is 321570624, backend_fd is 38
02-25 17:08:46.658   4691-4691    C03301/LIBUV                   pid-4691              I     open: loop addr is 321570624, loop->async_wfd is -1,loop->async_io_watcher.fd is 37
02-25 17:08:46.657   4691-4704    C01719/ffrt                    pid-4691              W     6:TrivalOpenQosCtrlNode:64 pid 4691 belong to user 20010049 open qos node warn, fd:-1, eno:2, No such file or directory
02-25 17:08:46.658   4691-4705    C01719/ffrt                    pid-4691              E     11:operator():38 [313784736] set priority failed ret[1] errno[0]
02-25 17:08:46.660   4691-4691    C03f00/ArkCompiler             pid-4691              I     [ecmascript] can not find aot file
02-25 17:08:46.660   4691-4691    C02c02/PARAM                   pid-4691              E     [param_manager.c:749]SystemReadParam failed! name is:ark.profile, errNum is:106!
02-25 17:08:46.660   4691-4691    C03f00/ArkCompiler             pid-4691              I     [ecmascript] Stop load AOT because it's not in enable list
02-25 17:08:46.660   4691-4691    C01305/Base                    pid-4691              E     [zip_file.cpp(ExtractToBufByName:1071)]GetEntry failed hapPath pkgContextInfo.json
02-25 17:08:46.661   4691-4704    C057c6/BinderInvoker           pid-4691              I     BinderInvoker 92: created invoker 339895536
02-25 17:08:46.662   4691-4691    C01321/JsRuntime               pid-4691              E     [js_runtime.cpp:199]Developer Mode is false.
02-25 17:08:46.673   4691-4691    C01e00/ResourceManager         pid-4691              I     CreateResourceManagerDef LoadThemeRes
02-25 17:08:46.674   4691-4691    C01336/AMS                     pid-4691              E     [main_thread.cpp:3313]emptye config
02-25 17:08:46.680   4691-4706    C01653/NativePreferences       pid-4691              W     LoadFromDisk: The settingXml i18n load failed.
02-25 17:08:46.681   4691-4691    C01301/Ability                 pid-4691              W     [resource_config_helper.cpp:157]invalid source:
02-25 17:08:46.681   4691-4691    C01301/Ability                 pid-4691              W     [resource_config_helper.cpp:157]invalid source:
02-25 17:08:46.688   4691-4707    C01719/ffrt                    pid-4691              W     21:TrivalOpenQosCtrlNode:64 pid 4691 belong to user 20010049 open qos node warn, fd:-1, eno:2, No such file or directory
02-25 17:08:46.693   4691-4691    C01317/AppKit                  pid-4691              E     [js_ability_stage.cpp:167]stage is nullptr
02-25 17:08:46.694   4691-4691    C01317/AppKit                  pid-4691              W     [js_ability_stage.cpp:179]Not found AbilityStage.js
02-25 17:08:46.696   4691-4691    C04201/DMS                     pid-4691              I     [window_display_change_adapter.cpp] WindowDisplayChangeAdapter<32>: sceneBoard is not useable, register this to DM.
02-25 17:08:46.698   4691-4691    C01356/Recovery                pid-4691              E     [app_recovery.cpp:119]not enabled
02-25 17:08:46.698   4691-4691    C01332/UIAbility               pid-4691              I     [js_ui_ability.cpp:215]called
02-25 17:08:46.699   4691-4691    C03f00/ArkCompiler             pid-4691              I     [ecmascript] start to execute module buffer with secure memory: /data/storage/el1/bundle/entry/ets/entryability/EntryAbility.abc
02-25 17:08:46.699   4691-4700    C03f00/ArkCompiler             pid-4691              W     [ecmascript] set label failed! level: s1, file: /data/storage/ark-profile/rt_entry.ap
02-25 17:08:46.699   4691-4700    C03f00/ArkCompiler             pid-4691              I     [ecmascript] Save profiler to file:/data/storage/ark-profile/rt_entry.ap
02-25 17:08:46.699   4691-4691    C03f00/ArkCompiler             pid-4691              E     [ecmascript] Can not open xpm proc file, do not check secure memory anymore.
02-25 17:08:46.704   4691-4691    A03d00/JSAPP                   pid-4691              I     Callee constructor is OK string
02-25 17:08:46.705   4691-4691    A03d00/JSAPP                   pid-4691              I     Ability::constructor callee is object [object Object]
02-25 17:08:46.717   4691-4691    C01332/UIAbility               pid-4691              I     [ui_ability_thread.cpp:171]attach uiability
02-25 17:08:46.718   4691-4691    C057c2/IPCObjectProxy          pid-4691              I     SendRequest 137: handle:10 desc:*.AbilityManager refcnt:4 393548432
02-25 17:08:46.722   4691-4691    C01317/AppKit                  pid-4691              I     [main_thread.cpp:2148]called
02-25 17:08:46.722   4691-4691    C03f00/ArkCompiler             pid-4691              I     [gc] app is not inBackground
02-25 17:08:46.722   4691-4691    C01707/CONCUR                  pid-4691              E     [Interface] task 4691 belong to user 20010049 open qos node failed, errno = 2
02-25 17:08:46.722   4691-4691    C01707/CONCUR                  pid-4691              E     [Interface] task 4691 belong to user 20010049 open qos node failed, errno = 2
02-25 17:08:46.722   4691-4691    C01707/CONCUR                  pid-4691              E     [Interface] task 4691 belong to user 20010049 open qos node failed, errno = 2
02-25 17:08:46.726   4691-4694    C01332/UIAbility               pid-4691              I     [ui_ability_thread.cpp:323]name:EntryAbility,targeState:5,isNewWant:0
02-25 17:08:46.726   4691-4691    C01332/UIAbility               pid-4691              E     [ui_ability.cpp:490]appRecovery not recovery restart
02-25 17:08:46.736   4691-4691    A00000/testTag                 pid-4691              I     Ability onCreate
02-25 17:08:46.736   4691-4691    C01332/UIAbility               pid-4691              I     [js_ui_ability.cpp:1354]end, name: onCreate, time: 1
02-25 17:08:46.736   4691-4691    C01332/UIAbility               pid-4691              E     [ui_ability_impl.cpp:290]hasSaveData_: false
02-25 17:08:46.737   4691-4691    C04202/WMSMain                 pid-4691              I     [window_scene.cpp] Init<46>: WindowScene init with normal option!
02-25 17:08:46.742   4691-4691    C04202/WMSMain                 pid-4691              I     [vsync_station.cpp] VsyncStation<52>: id 20147691585537 created
02-25 17:08:46.742   4691-4691    C057c1/ProcessSkeleton         pid-4691              W     AttachObject 179: attach 320729248 desc:*.VSyncIConnectionToken assign
02-25 17:08:46.753   4691-4691    C02800/InputManagerImpl        pid-4691              I     [][SetWindowInputEventConsumer:326] enter
02-25 17:08:46.755   4691-4691    C02801/Multimo...tConnectProxy pid-4691              I     [][MultimodalInputConnectProxy:98] Construct MMI proxy
02-25 17:08:46.757   4691-4691    C02801/Multimo...onnectManager pid-4691              I     [][ConnectMultimodalInputService:492] Get multimodalinput service successful
02-25 17:08:46.759   4691-4691    C02800/MMIClient               pid-4691              I     [][OnConnected:245] Connection to server succeeded, fd:47
02-25 17:08:46.759   4691-4691    C02800/InputManagerImpl        pid-4691              I     [][OnConnected:1319] enter
02-25 17:08:46.759   4691-4691    C02800/InputManagerImpl        pid-4691              I     [][ReAddInputEventFilter:1444] enter
02-25 17:08:46.759   4691-4691    C02800/InputManagerImpl        pid-4691              I     [][ReAddInputEventFilter] leave
02-25 17:08:46.759   4691-4691    C02800/InputManagerImpl        pid-4691              I     [][PackEnhanceConfig:562] enter
02-25 17:08:46.759   4691-4691    C02800/InputManagerImpl        pid-4691              E     [][PackEnhanceConfig:563] CHKPR(enhanceCfg_) is null, return value is -1
02-25 17:08:46.759   4691-4691    C02800/InputManagerImpl        pid-4691              I     [][PackEnhanceConfig] leave
02-25 17:08:46.759   4691-4691    C02800/InputManagerImpl        pid-4691              E     [][PrintEnhanceConfig:749] CHKPV(enhanceCfg_) is null
02-25 17:08:46.759   4691-4691    C02800/InputManagerImpl        pid-4691              I     [][OnConnected] leave
02-25 17:08:46.760   4691-4691    C02800/MMIClient               pid-4691              I     [][StartEventRunner:110] Create event handler, thread name:OS_mmi_EventHdr
02-25 17:08:46.760   4691-4691    C02800/MMIClient               pid-4691              I     [][AddFdListener:147] Server was listening
02-25 17:08:46.760   4691-4691    C02800/InputManagerImpl        pid-4691              I     [][SetWindowInputEventConsumer] leave
02-25 17:08:46.760   4691-4691    C0420c/WMSEvent                pid-4691              I     [input_transfer_station.cpp] AddInputWindow<139>: SetWindowInputEventConsumer success, windowid:27
02-25 17:08:46.760   4691-4691    C04200/SingletonContainer      pid-4691              E     <82>GetSingleton: can not get OHOS::Rosen::WindowInfoReporter
02-25 17:08:46.761   4691-4691    C01332/UIAbility               pid-4691              E     [ui_ability.cpp:258]appRecovery not recovery restart
02-25 17:08:46.763   4691-4691    A00000/testTag                 pid-4691              I     Ability onWindowStageCreate
02-25 17:08:46.763   4691-4691    C04200/JsWindowStage           pid-4691              I     <87>LoadContent: [NAPI]
02-25 17:08:46.765   4691-4691    C01332/UIAbility               pid-4691              I     [js_ui_ability.cpp:1354]end, name: onWindowStageCreate, time: 2
02-25 17:08:46.765   4691-4691    C04202/WMSMain                 pid-4691              I     [window_scene.cpp] GoForeground<140>: reason:0
02-25 17:08:46.784   4691-4691    A00000/testTag                 pid-4691              I     Ability onForeground
02-25 17:08:46.784   4691-4691    C01332/UIAbility               pid-4691              I     [js_ui_ability.cpp:1354]end, name: onForeground, time: 1
02-25 17:08:46.786   4691-4691    C057c2/IPCObjectProxy          pid-4691              I     SendRequest 137: handle:10 desc:*.AbilityManager refcnt:3 393548432
02-25 17:08:46.789   4691-4691    C01332/UIAbility               pid-4691              E     [ui_ability_impl.cpp:408]null applicationContext or lifecycleCallback
02-25 17:08:46.792   4691-4691    C03900/Ace                     pid-4691              I     [ui_content_impl.cpp(227)-(-1:-1:undefined)] CreateUIContent.
02-25 17:08:46.792   4691-4691    C03934/AceUIEvent              pid-4691              I     [ui_event_impl.cpp(79)-(-1:-1:undefined)] report ace loaded
02-25 17:08:46.793   4691-4691    C03f00/MUSL-LDSO               pid-4691              E     Error loading header libha_ace_engine.z.so, namespace ndk has no inherits, errno=2
02-25 17:08:46.793   4691-4691    C03f00/MUSL-LDSO               pid-4691              E     Error loading header: can't find library libha_ace_engine.z.so in namespace: default
02-25 17:08:46.793   4691-4691    C03f00/MUSL-LDSO               pid-4691              E     dlopen_impl load library header failed for libha_ace_engine.z.so
02-25 17:08:46.793   4691-4691    C03934/AceUIEvent              pid-4691              I     [ui_event_impl.cpp(83)-(-1:-1:undefined)] Failed to open shared library libha_ace_engine.z.so, reason: Error loading shared library libha_ace_engine.z.so: No such file or directoryn
02-25 17:08:46.812   4691-4691    C02c03/PARAM_WATCHER           pid-4691              I     [watcher_manager_kits.cpp:172]Add watcher keyPrefix persist.ace.trace.layout.enabled remoteWatcherId 36 success
02-25 17:08:46.816   4691-4691    C02c03/PARAM_WATCHER           pid-4691              I     [watcher_manager_kits.cpp:172]Add watcher keyPrefix const.security.developermode.state remoteWatcherId 36 success
02-25 17:08:46.819   4691-4691    C02c03/PARAM_WATCHER           pid-4691              I     [watcher_manager_kits.cpp:172]Add watcher keyPrefix persist.ace.debug.statemgr.enabled remoteWatcherId 36 success
02-25 17:08:46.822   4691-4691    C02c03/PARAM_WATCHER           pid-4691              I     [watcher_manager_kits.cpp:172]Add watcher keyPrefix persist.ace.debug.boundary.enabled remoteWatcherId 36 success
02-25 17:08:46.825   4691-4691    C02c03/PARAM_WATCHER           pid-4691              I     [watcher_manager_kits.cpp:172]Add watcher keyPrefix persist.ace.trace.inputevent.enabled remoteWatcherId 36 success
02-25 17:08:46.827   4691-4691    C02c03/PARAM_WATCHER           pid-4691              I     [watcher_manager_kits.cpp:172]Add watcher keyPrefix persist.ace.performance.monitor.enabled remoteWatcherId 36 success
02-25 17:08:46.827   4691-4691    C057c2/IPCObjectProxy          pid-4691              I     SendRequest 137: handle:10 desc:*.AbilityManager refcnt:3 393548432
02-25 17:08:46.831   4691-4691    C03900/Ace                     pid-4691              I     [ace_new_pipe_judgement.cpp(110)-(-2:-1:undefined)] Init RenderService UniRender Type:0
02-25 17:08:46.831   4691-4691    C03900/Ace                     pid-4691              I     [ui_content_impl.cpp(1534)-(-2:-1:undefined)] [com.example.testnapi][entry][-1]: UIContent: apiCompatibleVersion: 9, apiTargetVersion: 9, and apiReleaseType: Release, useNewPipe: 1
02-25 17:08:46.838   4691-4691    C02c03/PARAM_WATCHER           pid-4691              I     [watcher_manager_kits.cpp:172]Add watcher keyPrefix persist.sys.arkui.animationscale remoteWatcherId 36 success
02-25 17:08:46.838   4691-4694    C03900/Ace                     pid-4691              I     [system_properties.cpp(262)-(-1:-1:undefined)] AnimationScale: 0.500000 -> 0.500000
02-25 17:08:46.839   4691-4691    C03900/Ace                     pid-4691              I     [localization.cpp(244)-(-2:-1:undefined)] SetLocale language tag: zh-CN, select language: zh-CN
02-25 17:08:46.839   4691-4691    C03900/Ace                     pid-4691              I     [ui_content_impl.cpp(1608)-(-2:-1:undefined)] [com.example.testnapi][entry][-1]: SetLanguage: zh, colorMode: light, deviceAccess: 0
02-25 17:08:46.839   4691-4691    C03900/Ace                     pid-4691              I     [ui_content_impl.cpp(1636)-(-2:-1:undefined)] [com.example.testnapi][entry][-1]: Initialize UIContent isModelJson:true
02-25 17:08:46.846   4691-4691    C03900/Ace                     pid-4691              I     [ace_container.cpp(1635)-(100000:100000:scope)] SetHapPath, Use hap path to load resource
02-25 17:08:46.847   4691-4691    C057c1/ProcessSkeleton         pid-4691              W     AttachObject 179: attach 385839920 desc:*.IDisplayManagerAgent assign
02-25 17:08:46.848   4691-4691    C057c1/ProcessSkeleton         pid-4691              W     AttachObject 179: attach 385840080 desc:*.IDisplayManagerAgent assign
02-25 17:08:46.853   4691-4691    C01706/rtg_interface           pid-4691              I     rtg Open fail, errno = 2(No such file or directory), dev = /proc/self/sched_rtg_ctrl
02-25 17:08:46.853   4691-4691    C01400/OHOS::RS                pid-4691              I     RsFrameReport:[LoadLibrary] load library success!
02-25 17:08:46.853   4691-4691    C01400/OHOS::RS                pid-4691              I     RsFrameReport:[Init] dlopen libframe_ui_intf.so success!
02-25 17:08:46.853   4691-4691    C01706/ueaClient-RmeCoreSched  pid-4691              E     [Init]: do not enabled!ret: -1
02-25 17:08:46.853   4691-4691    C01706/ueaClient-FrameMsgMgr   pid-4691              I     [Init]:inited success!
02-25 17:08:46.853   4691-4691    C01706/ueaClient-FrameUiIntf   pid-4691              I     [Init]:ret:1, inited:1
02-25 17:08:46.854   4691-4691    C01406/OHOS::RS                pid-4691              E     RSRenderNodeDrawableAdapter::OnGenerate, node type <private> is not supported
02-25 17:08:46.854   4691-4691    C01406/OHOS::RS                pid-4691              E     RSRenderNode::InitRenderParams failed
02-25 17:08:46.856   4691-4691    C01d05/accessibility_interface pid-4691              I     [accessible_ability_manager_service_proxy.cpp(AccessibleAbilityManagerServiceProxy:32)]AccessibleAbilityManagerServiceProxy construct.
02-25 17:08:46.867   4691-4725    C057c6/BinderInvoker           pid-4691              I     BinderInvoker 92: created invoker 339898016
02-25 17:08:46.871   4691-4691    C02c03/PARAM_WATCHER           pid-4691              E     [watcher_manager_kits.cpp:166]Failed to add callback for persist.sys.graphic.animationscale
02-25 17:08:46.871   4691-4725    C02c03/PARAM_WATCHER           pid-4691              I     [watcher_manager_kits.cpp:172]Add watcher keyPrefix persist.sys.graphic.animationscale remoteWatcherId 36 success
02-25 17:08:46.871   4691-4691    C02c03/PARAM_WATCHER           pid-4691              E     [watcher_manager_kits.cpp:345]SystemWatchParameter is failed! keyPrefix is:persist.sys.graphic.animationscale, errNum is:110
02-25 17:08:46.871   4691-4725    C057c6/BinderInvoker           pid-4691              I     ~BinderInvoker 97: destroyed invoker 339898016
02-25 17:08:46.871   4691-4691    C02c0b/BEGET                   pid-4691              E     [service_watcher.c:83]WatchParameter failed! the errNum is 110
02-25 17:08:46.874   4691-4726    C057c6/BinderInvoker           pid-4691              I     BinderInvoker 92: created invoker 339898528
02-25 17:08:46.876   4691-4726    C057c1/ProcessSkeleton         pid-4691              W     AttachObject 179: attach 319837344 desc:*.ISystemAbilityStatusChange assign
02-25 17:08:46.878   4691-4691    C03900/Ace                     pid-4691              I     [jsi_view_register_impl.cpp(1035)-(100000:100000:scope)] CleanUpIdleTask is a valid function
02-25 17:08:46.879   4691-4726    C03d00/utils_base              pid-4691              E     path (/vendor/lib64/chipsetsdk/libEGL_impl.so) to realpath error: No such file or directory
02-25 17:08:46.882   4691-4691    C03900/Ace                     pid-4691              W     [ace_res_key_parser.cpp(129)-(100000:100000:scope)] Invalid config:zh_CN-notlong-notround-vertical-light-phone-hdpi
02-25 17:08:46.887   4691-4691    C03900/Ace                     pid-4691              I     [ace_container.cpp(1907)-(100000:100000:scope)] New pipeline version creating...
02-25 17:08:46.930   4691-4691    C03900/Ace                     pid-4691              I     [hap_asset_provider_impl.cpp(147)-(100000:100000:scope)] Cannot Get File List from resources/styles/
02-25 17:08:46.932   4691-4691    C03900/Ace                     pid-4691              W     [asset_manager_impl.cpp(65)-(100000:100000:scope)] GetAsset failed: resources/styles/default.json
02-25 17:08:46.933   4691-4726    C03d00/utils_base              pid-4691              E     path (/vendor/lib64/chipsetsdk/libGLESv1_impl.so) to realpath error: No such file or directory
02-25 17:08:46.944   4691-4726    C03d00/utils_base              pid-4691              E     path (/vendor/lib64/chipsetsdk/libGLESv2_impl.so) to realpath error: No such file or directory
02-25 17:08:46.954   4691-4726    C03d00/utils_base              pid-4691              E     path (/vendor/lib64/chipsetsdk/libGLESv3_impl.so) to realpath error: No such file or directory
02-25 17:08:46.977   4691-4726    C02c03/PARAM_WATCHER           pid-4691              I     [watcher_manager_kits.cpp:172]Add watcher keyPrefix debug.graphic.debug_layer remoteWatcherId 36 success
02-25 17:08:46.978   4691-4726    C03d00/utils_base              pid-4691              E     path (/system/lib64/libiGraphicsCore.z.so) to realpath error: No such file or directory
02-25 17:08:46.978   4691-4726    C01400/OpenGLWrapper           pid-4691              E     invalid display pointer.
02-25 17:08:46.978   4691-4726    C01400/OpenGLWrapper           pid-4691              E     EGLDislay is invalid.
02-25 17:08:46.978   4691-4726    C01400/OpenGLWrapper           pid-4691              W     ThreadPrivateDataCtl::SetError error = 12296.
02-25 17:08:46.981   4691-4726    C01400/DISP                    pid-4691              I     [ohos_open_device@platform_ohos.c:1346] vendor_name (null)
02-25 17:08:46.984   4691-4726    C03f00/MUSL-LDSO               pid-4691              E     Open absolute_path library: check ns accessible failed, pathname /usr/local/lib/dri/tls/pvr_dri.so namespace ndk.
02-25 17:08:46.984   4691-4726    C03f00/MUSL-LDSO               pid-4691              E     Error loading header /usr/local/lib/dri/tls/pvr_dri.so, namespace ndk has no inherits, errno=2
02-25 17:08:46.984   4691-4726    C03f00/MUSL-LDSO               pid-4691              E     Error loading header: can't find library /usr/local/lib/dri/tls/pvr_dri.so in namespace: default
02-25 17:08:46.984   4691-4726    C03f00/MUSL-LDSO               pid-4691              E     dlopen_impl load library header failed for /usr/local/lib/dri/tls/pvr_dri.so
02-25 17:08:46.992   4691-4726    C03f00/MUSL-LDSO               pid-4691              E     Error loading header libGL_PVR_MESA.so, namespace ndk has no inherits, errno=2
02-25 17:08:46.992   4691-4726    C03f00/MUSL-LDSO               pid-4691              E     Error loading header: can't find library libGL_PVR_MESA.so in namespace: default
02-25 17:08:46.992   4691-4726    C03f00/MUSL-LDSO               pid-4691              E     dlopen_impl load library header failed for libGL_PVR_MESA.so
02-25 17:08:46.997   4691-4691    C03900/Ace                     pid-4691              I     [root_pattern.h(63)-(100000:100000:scope)] root node OnAttachToFrameNode, id:0
02-25 17:08:46.997   4691-4691    C03900/Ace                     pid-4691              I     [rosen_window.cpp(210)-(100000:100000:scope)] Rosenwindow set root frame node
02-25 17:08:47.000   4691-4726    C01400/DISP                    pid-4691              E     [0;32;31m[PVRScreenPrintExtensions@pvrdri.c:148] Supported screen extensions:[m
02-25 17:08:47.000   4691-4691    C01d02/accessibility_asacfwk   pid-4691              E     [accessibility_system_ability_client_impl.cpp(AccessibilitySystemAbilityClientImpl:55)]accessibility service is ready.
02-25 17:08:47.000   4691-4726    C01400/DISP                    pid-4691              E     [0;32;31m[PVRScreenPrintExtensions@pvrdri.c:158] 	DRI_TexBuffer (supported version: 3 - max version: 3)[m
02-25 17:08:47.000   4691-4726    C01400/DISP                    pid-4691              E     [0;32;31m[PVRScreenPrintExtensions@pvrdri.c:158] 	DRI2_Flush (supported version: 4 - max version: 4)[m
02-25 17:08:47.000   4691-4726    C01400/DISP                    pid-4691              E     [0;32;31m[PVRScreenPrintExtensions@pvrdri.c:158] 	DRI_IMAGE (supported version: 21 - max version: 20)[m
02-25 17:08:47.000   4691-4726    C01400/DISP                    pid-4691              E     [0;32;31m[PVRScreenPrintExtensions@pvrdri.c:158] 	DRI_Robustness (supported version: 1 - max version: 1)[m
02-25 17:08:47.000   4691-4726    C01400/DISP                    pid-4691              E     [0;32;31m[PVRScreenPrintExtensions@pvrdri.c:158] 	DRI_RENDERER_QUERY (supported version: 1 - max version: 1)[m
02-25 17:08:47.000   4691-4726    C01400/DISP                    pid-4691              E     [0;32;31m[PVRScreenPrintExtensions@pvrdri.c:158] 	DRI2_Fence (supported version: 2 - max version: 2)[m
02-25 17:08:47.000   4691-4726    C01400/DISP                    pid-4691              E     [0;32;31m[PVRScreenPrintExtensions@pvrdri.c:158] 	DRI2_BufferDamage (supported version: 1 - max version: 1)[m
02-25 17:08:47.000   4691-4726    C01400/DISP                    pid-4691              E     [0;32;31m[PVRScreenPrintExtensions@pvrdri.c:158] 	DRI_CONFIG_QUERY (supported version: 2 - max version: 2)[m
02-25 17:08:47.001   4691-4691    C01d05/accessibility_interface pid-4691              I     [accessible_ability_manager_service_proxy.cpp(AccessibleAbilityManagerServiceProxy:32)]AccessibleAbilityManagerServiceProxy construct.
02-25 17:08:47.003   4691-4726    C01400/OpenGLWrapper           pid-4691              I     initialized ver=1.5
02-25 17:08:47.004   4691-4691    C02c03/PARAM_WATCHER           pid-4691              I     [watcher_manager_kits.cpp:172]Add watcher keyPrefix accessibility.config.ready remoteWatcherId 36 success
02-25 17:08:47.004   4691-4691    C03924/AceAccessibility        pid-4691              I     [js_accessibility_manager.cpp(2263)-(100000:100000:scope)]  the result of SubscribeStateObserver:0
02-25 17:08:47.004   4691-4691    C03900/Ace                     pid-4691              I     [ui_content_impl.cpp(2103)-(100000:100000:scope)] [com.example.testnapi][entry][100000]: window focus
02-25 17:08:47.007   4691-4691    C02c03/PARAM_WATCHER           pid-4691              I     [watcher_manager_kits.cpp:172]Add watcher keyPrefix debug.graphic.frame remoteWatcherId 36 success
02-25 17:08:47.008   4691-4691    C03900/Ace                     pid-4691              E     [ace_container.cpp(2364)-(100000:100000:scope)] ERROR EACCES
02-25 17:08:47.008   4691-4691    C03900/Ace                     pid-4691              E     [ace_container.cpp(2364)-(100000:100000:scope)] ERROR EACCES
02-25 17:08:47.008   4691-4691    C03900/Ace                     pid-4691              I     [ui_content_impl.cpp(1928)-(100000:100000:scope)] [com.example.testnapi][entry][100000]: SetMinPlatformVersion is 9
02-25 17:08:47.008   4691-4691    C057c1/ProcessSkeleton         pid-4691              W     AttachObject 179: attach 317063984 desc:*.IDisplayManagerAgent assign
02-25 17:08:47.011   4691-4691    C0394e/AceWindow               pid-4691              I     [ui_content_impl.cpp(2030)-(100000:100000:scope)] DisplayAvailableRect info: 0, 0, 0, 0
02-25 17:08:47.011   4691-4691    C03900/Ace                     pid-4691              I     [ui_content_impl.cpp(803)-(-2:100000:singleton)] [com.example.testnapi][entry][100000]: Initialize: pages/Index
02-25 17:08:47.012   4691-4691    C03900/Ace                     pid-4691              I     [frontend_delegate_declarative.cpp(165)-(100000:100000:scope)] RunPage:pages/Index
02-25 17:08:47.012   4691-4691    C03900/Ace                     pid-4691              W     [asset_manager_impl.cpp(65)-(100000:100000:scope)] GetAsset failed: manifest.json
02-25 17:08:47.013   4691-4691    C03900/Ace                     pid-4691              I     [ui_content_impl.cpp(2483)-(-2:100000:singleton)] [com.example.testnapi][entry][100000]: UpdateWindowMode: 1, hasDeco: 0
02-25 17:08:47.013   4691-4691    C03900/Ace                     pid-4691              I     [ui_content_impl.cpp(2491)-(-2:100000:singleton)] [com.example.testnapi][entry][100000]: UpdateWindowVisible: 0, hasDeco: 0
02-25 17:08:47.013   4691-4691    C03900/Ace                     pid-4691              I     [ui_content_impl.cpp(2048)-(-2:100000:singleton)] [com.example.testnapi][entry][100000]: window foreground
02-25 17:08:47.013   4691-4691    C03900/Ace                     pid-4691              I     [jsi_declarative_engine.cpp(2105)-(100000:100000:scope)] Update application state , state: ON_SHOW
02-25 17:08:47.014   4691-4691    C03900/Ace                     pid-4691              I     [rosen_window.cpp(147)-(100000:100000:scope)] ArkUI requests first Vsync.
02-25 17:08:47.014   4691-4691    C04202/WMSMain                 pid-4691              I     [vsync_station.cpp] RequestVsync<114>: First vsync has requested, nodeId: 20147691585537
02-25 17:08:47.015   4691-4691    C01706/RsFrameReportExt        pid-4691              I     RsFrameReportExt:[LoadLibrary] load library success!
02-25 17:08:47.015   4691-4691    C01706/RsFrameReportExt        pid-4691              I     RsFrameReportExt:[Init] dlopen libframe_ui_intf.so success!
02-25 17:08:47.017   4691-4691    C0420a/WMSLife                 pid-4691              I     [window_impl.cpp] SetUIContentInner<645>: notify window orientation change end.
02-25 17:08:47.017   4691-4691    C03900/Ace                     pid-4691              I     [ui_content_impl.cpp(2365)-(-2:100000:singleton)] [com.example.testnapi][entry][100000]: UpdateViewportConfig Viewport config: size: (1200, 1680) orientation: 0 density: 1.500000 position: (0, 120) transformHint: 0
02-25 17:08:47.017   4691-4691    C0394e/AceWindow               pid-4691              I     [ui_content_impl.cpp(2368)-(-2:100000:singleton)] Update orientation to : 0
02-25 17:08:47.021   4691-4726    C01400/OpenGLWrapper           pid-4691              E     invalid display pointer.
02-25 17:08:47.021   4691-4726    C01400/OpenGLWrapper           pid-4691              E     EGLDislay is invalid.
02-25 17:08:47.021   4691-4726    C01400/OpenGLWrapper           pid-4691              W     ThreadPrivateDataCtl::SetError error = 12296.
02-25 17:08:47.022   4691-4726    C057c1/ProcessSkeleton         pid-4691              W     AttachObject 179: attach 317141296 desc:*.VSyncIConnectionToken assign
02-25 17:08:47.022   4691-4691    A00000/testTag                 pid-4691              I     Succeeded in loading the content.
02-25 17:08:47.022   4691-4691    C04200/JsWindowStage           pid-4691              I     <338>[NAPI]Window [27, testnapi0] load content end, ret = 0
02-25 17:08:47.022   4691-4691    C02d33/HitraceMeter            pid-4691              E     pid[4691] first get g_tagsProperty: 0
02-25 17:08:47.022   4691-4691    C02d06/XCollie                 pid-4691              I     application is in starting period.
02-25 17:08:47.022   4691-4691    C02d06/XCollie                 pid-4691              I     MainThread StartProfileMainThread ret: -1  Duration Time: 232 ms
02-25 17:08:47.023   4691-4691    C03900/Ace                     pid-4691              I     [jsi_declarative_engine.cpp(2105)-(100000:100000:scope)] Update application state , state: ON_ACTIVE
02-25 17:08:47.023   4691-4691    C01d02/accessibility_asacfwk   pid-4691              I     [accessibility_system_ability_client_impl.cpp(SubscribeStateObserver:484)]Observer has subscribed!
02-25 17:08:47.023   4691-4691    C03924/AceAccessibility        pid-4691              I     [js_accessibility_manager.cpp(2263)-(100000:100000:scope)]  the result of SubscribeStateObserver:4001
02-25 17:08:47.023   4691-4691    C0391c/AceFocus                pid-4691              I     [pipeline_context.cpp(3105)-(100000:100000:scope)] Window id: 27 get focus.
02-25 17:08:47.024   4691-4691    C0391c/AceFocus                pid-4691              W     [focus_manager.cpp(421)-(100000:100000:scope)] Current focus view can not found!
02-25 17:08:47.024   4691-4691    C0391c/AceFocus                pid-4691              I     [focus_hub.cpp(1127)-(100000:100000:scope)] Node(root/0) on focus
02-25 17:08:47.024   4691-4726    C01406/OHOS::RS                pid-4691              I     debug.graphic.overdraw disable
02-25 17:08:47.024   4691-4691    C03900/Ace                     pid-4691              I     [page_router_manager.cpp(1201)-(100000:100000:scope)] Page router manager is loading page[1]: pages/Index.
02-25 17:08:47.026   4691-4726    C02c03/PARAM_WATCHER           pid-4691              I     [watcher_manager_kits.cpp:172]Add watcher keyPrefix debug.graphic.overdraw remoteWatcherId 36 success
02-25 17:08:47.027   4691-4691    C03f01/NAPI                    pid-4691              W     [(native_module_manager.cpp:635)(LoadNativeModule)] module 'prompt' does not in cache
02-25 17:08:47.028   4691-4726    C02c03/PARAM_WATCHER           pid-4691              I     [watcher_manager_kits.cpp:172]Add watcher keyPrefix debug.graphic.colors_overdraw remoteWatcherId 36 success
02-25 17:08:47.028   4691-4726    C01707/CONCUR                  pid-4691              E     [Interface] task 4691 belong to user 20010049 open qos node failed, errno = 2
02-25 17:08:47.028   4691-4726    C01406/OHOS::RS                pid-4691              I     RSRenderThread: SetThreadQos retcode = -1
02-25 17:08:47.044   4691-4726    C01406/OHOS::RS                pid-4691              E     RSRenderNodeDrawableAdapter::OnGenerate, node type <private> is not supported
02-25 17:08:47.044   4691-4726    C01406/OHOS::RS                pid-4691              E     RSRenderNode::InitRenderParams failed
02-25 17:08:47.045   4691-4726    C01406/OHOS::RS                pid-4691              E     RSRenderNodeDrawableAdapter::OnGenerate, node type <private> is not supported
02-25 17:08:47.045   4691-4726    C01406/OHOS::RS                pid-4691              E     RSRenderNode::InitRenderParams failed
02-25 17:08:47.055   4691-4691    C03f01/NAPI                    pid-4691              W     [(native_module_manager.cpp:635)(LoadNativeModule)] module 'chatgpt_napi' does not in cache
02-25 17:08:47.059   4691-4691    C03f01/NAPI                    pid-4691              W     [(native_module_manager.cpp:1033)(FindNativeModuleByDisk)] mismatch: moduleName is chatgpt_napi, name is chatgpt
02-25 17:08:47.059   4691-4691    C03f01/NAPI                    pid-4691              W     [(native_module_manager.cpp:1034)(FindNativeModuleByDisk)] suggestion: keep .nm_modname the same as moduleName imported or required
02-25 17:08:47.060   4691-4691    A03d00/JSAPP                   pid-4691              I     ChatGPT native module loaded: [object Object]
02-25 17:08:47.061   4691-4691    C03900/Ace                     pid-4691              I     [jsi_declarative_engine.cpp(1392)-(100000:100000:scope)] update rootComponent start
02-25 17:08:47.062   4691-4691    A03d00/JSAPP                   pid-4691              I     Initializing ChatGPT service...
02-25 17:08:47.063   4691-4691    A03d00/JSAPP                   pid-4691              I     ChatGPT service initialized successfully
02-25 17:08:47.068   4691-4691    C03926/AceTheme                pid-4691              W     [theme_style.h(125)-(100000:100000:scope)] style text_pattern not contains linear_split_child_min_size!
02-25 17:08:47.071   4691-4691    C03f00/MUSL-LDSO               pid-4691              E     Open absolute_path library: check ns accessible failed, pathname /system/lib/libstylus_innerapi.z.so namespace ndk.
02-25 17:08:47.071   4691-4691    C03f00/MUSL-LDSO               pid-4691              E     Error loading header /system/lib/libstylus_innerapi.z.so, namespace ndk has no inherits, errno=2
02-25 17:08:47.071   4691-4691    C03f00/MUSL-LDSO               pid-4691              E     Error loading header: can't find library /system/lib/libstylus_innerapi.z.so in namespace: default
02-25 17:08:47.071   4691-4691    C03f00/MUSL-LDSO               pid-4691              E     dlopen_impl load library header failed for /system/lib/libstylus_innerapi.z.so
02-25 17:08:47.072   4691-4691    C03926/AceTheme                pid-4691              W     [theme_style.h(125)-(100000:100000:scope)] style textfield_pattern not contains error_text_border_color_alpha!
02-25 17:08:47.072   4691-4691    C03926/AceTheme                pid-4691              W     [theme_style.h(125)-(100000:100000:scope)] style textfield_pattern not contains disable_underline_alpha!
02-25 17:08:47.072   4691-4691    C03926/AceTheme                pid-4691              W     [theme_style.h(125)-(100000:100000:scope)] style textfield_pattern not contains default_counter_color!
02-25 17:08:47.072   4691-4691    C03926/AceTheme                pid-4691              W     [theme_style.h(125)-(100000:100000:scope)] style textfield_pattern not contains over_counter_color!
02-25 17:08:47.072   4691-4691    C03926/AceTheme                pid-4691              W     [theme_style.h(125)-(100000:100000:scope)] style textfield_pattern not contains underline_color_alpha!
02-25 17:08:47.072   4691-4691    C03926/AceTheme                pid-4691              W     [theme_style.h(125)-(100000:100000:scope)] style textfield_pattern not contains underline_color_alpha!
02-25 17:08:47.072   4691-4691    C03926/AceTheme                pid-4691              W     [theme_style.h(125)-(100000:100000:scope)] style textfield_pattern not contains cursor_width!
02-25 17:08:47.072   4691-4691    C03926/AceTheme                pid-4691              W     [theme_style.h(125)-(100000:100000:scope)] style textfield_pattern not contains error_password_border_alpha!
02-25 17:08:47.072   4691-4691    C03926/AceTheme                pid-4691              W     [theme_style.h(125)-(100000:100000:scope)] style textfield_pattern not contains over_count_border_color_alpha!
02-25 17:08:47.072   4691-4691    C03926/AceTheme                pid-4691              W     [theme_style.h(125)-(100000:100000:scope)] style textfield_pattern not contains textinput_default_height!
02-25 17:08:47.072   4691-4691    C03926/AceTheme                pid-4691              W     [theme_style.h(125)-(100000:100000:scope)] style textfield_pattern not contains text_field_placeholder_linespacing!
02-25 17:08:47.073   4691-4691    C03914/AceTextField            pid-4691              I     [text_field_model_ng.cpp(93)-(100000:100000:scope)] text field create node, id = 8
02-25 17:08:47.074   4691-4691    C03914/AceTextField            pid-4691              I     [text_field_pattern.cpp(2608)-(100000:100000:scope)] textfield 8 Keyboard action is 8
02-25 17:08:47.081   4691-4691    C03914/AceTextField            pid-4691              I     [txt_paragraph.cpp(196)-(100000:100000:scope)] destroy TxtParagraph with placeholderCnt_ 0, textAlign_ 0, count 0
02-25 17:08:47.082   4691-4691    C03926/AceTheme                pid-4691              W     [theme_style.h(125)-(100000:100000:scope)] style -1 not contains scroll_bar_pattern!
02-25 17:08:47.092   4691-4691    C0391c/AceFocus                pid-4691              I     [focus_view.cpp(27)-(100000:100000:scope)] Focus view: page/2 show
02-25 17:08:47.095   4691-4691    C03914/AceTextField            pid-4691              I     [text_field_pattern.cpp(4811)-(100000:100000:scope)] visible change to 1
02-25 17:08:47.095   4691-4691    C03914/AceTextField            pid-4691              I     [text_field_pattern.cpp(4811)-(100000:100000:scope)] visible change to 1
02-25 17:08:47.095   4691-4691    C03933/AceKeyboard             pid-4691              I     [stage_manager.cpp(170)-(100000:100000:scope)] StageManager FrameNode notNeedSoftKeyboard.
02-25 17:08:47.095   4691-4691    C03933/AceKeyboard             pid-4691              I     [stage_manager.cpp(176)-(100000:100000:scope)] Container not ScenceBoardWindow.
02-25 17:08:47.096   4691-4691    C04200/WindowImpl              pid-4691              I     <379>GetAvoidAreaByType Search Type: 1
02-25 17:08:47.098   4691-4691    C03900/Ace                     pid-4691              I     [ace_container.cpp(2274)-(100000:100000:scope)] SafeArea get success, area type is:1 insets area is:SafeAreaInsets left_: [start: 0, end: 0], top_: [start: 0, end: 0], right_: [start: 0, end: 0], bottom_: [start: 0, end: 0]
02-25 17:08:47.098   4691-4691    C0394e/AceWindow               pid-4691              I     [ui_content_impl.cpp(2412)-(100000:100000:scope)] Update displayAvailableRect to : Rect (0.00, 120.00) - [1200.00 x 1680.00]
02-25 17:08:47.098   4691-4691    C03900/Ace                     pid-4691              I     [safe_area_manager.cpp(145)-(100000:100000:scope)] SafeAreaManager::SetIsFullScreen 1
02-25 17:08:47.098   4691-4691    C03914/AceTextField            pid-4691              I     [text_field_pattern.cpp(4828)-(100000:100000:scope)] Textfield handleSurface change, new width 1200, new height 1680, prev width 0, prev height 0
