02-25 15:55:22.283   2560-2560    C03914/AceTextField            bm                    I     [text_field_pattern.cpp(4848)-(100000:100000:scope)] Textfield handleSurface position change, posX 0, posY 120
02-25 15:55:22.283   2560-2560    C04202/WMSMain                 bm                    I     [vsync_station.cpp] VsyncCallbackInner<167>: First vsync has come back, nodeId: 10995116277761
02-25 15:55:22.295   2560-2596    C01719/ffrt                    bm                    W     42:TrivalOpenQosCtrlNode:64 pid 2560 belong to user 20010049 open qos node warn, fd:-1, eno:2, No such file or directory
02-25 15:55:22.295   2560-2576    C057c6/BinderInvoker           bm                    I     BinderInvoker 92: created invoker 306365952
02-25 15:55:22.303   2560-2560    C01719/ffrt                    bm                    W     47:ffrt_skip:539 skip task [7] faild, because the task is doing now or has finished.
02-25 15:55:22.307   2560-2560    C03900/Ace                     bm                    E     [rosen_modifier_adapter.cpp(159)-(100000:100000:scope)] ConvertToRSProperty failed!
02-25 15:55:22.313   2560-2560    C03900/Ace                     bm                    I     [pipeline_context.cpp(651)-(100000:100000:scope)] ArkUi flush first frame messages.
02-25 15:55:22.313   2560-2560    C0391c/AceFocus                bm                    I     [focus_view.cpp(229)-(100000:100000:scope)] Request focus on focus view: page/2.
02-25 15:55:22.314   2560-2560    C0391c/AceFocus                bm                    I     [focus_view.cpp(242)-(100000:100000:scope)] Focus view has no default focus.
02-25 15:55:22.314   2560-2560    C0391c/AceFocus                bm                    I     [focus_hub.cpp(1127)-(100000:100000:scope)] Node(page/2) on focus
02-25 15:55:22.314   2560-2560    C0391c/AceFocus                bm                    I     [focus_hub.cpp(1127)-(100000:100000:scope)] Node(Column/5) on focus
02-25 15:55:22.314   2560-2560    C0391c/AceFocus                bm                    I     [focus_view.cpp(259)-(100000:100000:scope)] Request focus on view root scope: Column/5 return: 1.
02-25 15:55:22.314   2560-2560    C0391c/AceFocus                bm                    I     [focus_manager.cpp(365)-(100000:100000:scope)] WindowFocusMove end, startReason: 2, endReason: 2, updateReason: 2
02-25 15:55:22.314   2560-2560    C03933/AceKeyboard             bm                    I     [input_method_manager_ohos.cpp(52)-(100000:100000:scope)] current focus node info : (Column/5).
02-25 15:55:22.314   2560-2560    C03933/AceKeyboard             bm                    I     [input_method_manager_ohos.cpp(110)-(100000:100000:scope)] Normal Window focus first, set focus flag to window.
02-25 15:55:22.314   2560-2560    C03933/AceKeyboard             bm                    I     [input_method_manager_ohos.cpp(117)-(100000:100000:scope)] No Window Focus Callback
02-25 15:55:22.314   2560-2560    C03933/AceKeyboard             bm                    I     [pipeline_context.cpp(184)-(100000:100000:scope)] window switch need keyboard <private>
02-25 15:55:22.314   2560-2560    C03933/AceKeyboard             bm                    I     [input_method_manager_ohos.cpp(223)-(100000:100000:scope)] Nav CloseKeyboard FrameNode notNeedSoftKeyboard.
02-25 15:55:22.315   2560-2560    C01c10/ImsaKit                 bm                    I     line: 144, function: GetSystemAbilityProxy,get input method service proxy
02-25 15:55:22.320   2560-2560    C03933/AceKeyboard             bm                    I     [input_method_manager_ohos.cpp(228)-(100000:100000:scope)] Nav CloseKeyboard SoftKeyboard Closes Successfully.
02-25 15:55:22.321   2560-2560    C03903/AceSubWindow            bm                    I     [subwindow_manager.cpp(295)-(100000:100000:scope)] hide menu ng enter
02-25 15:55:22.328   2560-2586    C01406/OHOS::RS                bm                    E     RSRenderNodeDrawableAdapter::OnGenerate, node type <private> is not supported
02-25 15:55:22.328   2560-2586    C01406/OHOS::RS                bm                    E     RSRenderNode::InitRenderParams failed
02-25 15:55:22.328   2560-2586    C01406/OHOS::RS                bm                    E     RSRenderNodeDrawableAdapter::OnGenerate, node type <private> is not supported
02-25 15:55:22.328   2560-2586    C01406/OHOS::RS                bm                    E     RSRenderNode::InitRenderParams failed
02-25 15:55:22.328   2560-2586    C01406/OHOS::RS                bm                    E     RSRenderNodeDrawableAdapter::OnGenerate, node type <private> is not supported
02-25 15:55:22.328   2560-2586    C01406/OHOS::RS                bm                    E     RSRenderNode::InitRenderParams failed
02-25 15:55:22.329   2560-2586    C01406/OHOS::RS                bm                    E     RSRenderNodeDrawableAdapter::OnGenerate, node type <private> is not supported
02-25 15:55:22.329   2560-2586    C01406/OHOS::RS                bm                    E     RSRenderNode::InitRenderParams failed
02-25 15:55:22.329   2560-2586    C01406/OHOS::RS                bm                    E     RSRenderNodeDrawableAdapter::OnGenerate, node type <private> is not supported
02-25 15:55:22.329   2560-2586    C01406/OHOS::RS                bm                    E     RSRenderNode::InitRenderParams failed
02-25 15:55:22.329   2560-2586    C01406/OHOS::RS                bm                    E     RSRenderNodeDrawableAdapter::OnGenerate, node type <private> is not supported
02-25 15:55:22.329   2560-2586    C01406/OHOS::RS                bm                    E     RSRenderNode::InitRenderParams failed
02-25 15:55:22.339   2560-2586    C03f00/MUSL-LDSO               bm                    E     Open absolute_path library: check ns accessible failed, pathname /system/lib64/libGLESv3.so namespace ndk.
02-25 15:55:22.339   2560-2586    C03f00/MUSL-LDSO               bm                    E     Error loading header /system/lib64/libGLESv3.so, namespace ndk has no inherits, errno=2
02-25 15:55:22.339   2560-2586    C03f00/MUSL-LDSO               bm                    E     Error loading header: can't find library /system/lib64/libGLESv3.so in namespace: default
02-25 15:55:22.339   2560-2586    C03f00/MUSL-LDSO               bm                    E     dlopen_impl load library header failed for /system/lib64/libGLESv3.so
02-25 15:55:22.447   2560-2586    C01706/RsFrameReportExt        bm                    I     RsFrameReportExt:[LoadLibrary] load library success!
02-25 15:55:22.447   2560-2586    C01706/RsFrameReportExt        bm                    I     RsFrameReportExt:[Init] dlopen libframe_ui_intf.so success!
02-25 15:55:22.900   2560-2618    C01719/ffrt                    bm                    W     56:TrivalOpenQosCtrlNode:64 pid 2560 belong to user 20010049 open qos node warn, fd:-1, eno:2, No such file or directory
02-25 15:55:22.900   2560-2619    C01719/ffrt                    bm                    W     67:TrivalOpenQosCtrlNode:64 pid 2560 belong to user 20010049 open qos node warn, fd:-1, eno:2, No such file or directory
02-25 15:55:24.525   2560-2578    C02805/InputKeyFlow            com.example.testnapi  I     [][OnPointerEvent:188] ac: down: 912
02-25 15:55:24.525   2560-2578    C02805/InputKeyFlow            com.example.testnapi  I     [P:D:912][OnPointerEvent:490] id:912 recv
02-25 15:55:24.525   2560-2578    C04213/InputKeyFlow            com.example.testnapi  I     [input_transfer_station.cpp] OnInputEvent<82>: eid:0,InputId:912,wid:23,action:2
02-25 15:55:24.525   2560-2578    C057c6/BinderInvoker           com.example.testnapi  I     BinderInvoker 92: created invoker 301602528
02-25 15:55:24.526   2560-2578    C03900/Ace                     com.example.testnapi  I     [mmi_event_convertor.cpp(553)-(-1:100000:singleton)] pointdown windowId: 23
02-25 15:55:24.528   2560-2560    C03951/InputKeyFlow            com.example.testnapi  I     [pipeline_context.cpp(2097)-(100000:100000:scope)] InputTracking id:912, fingerId:0, x=216.000, y=97.000 type=0, inject=0
02-25 15:55:24.530   2560-2578    C02805/InputKeyFlow            com.example.testnapi  I     [][OnPointerEvent:188] ac: move: 913
02-25 15:55:24.534   2560-2560    C03951/InputKeyFlow            com.example.testnapi  I     [event_manager.cpp(221)-(100000:100000:scope)] InputTracking id:912, touch test hitted node info: fingerId: 0{ tag: TextArea, frameRect: RectT (87.00, 45.00) - [1026.00 x 150.00], depth: 6 };
02-25 15:55:24.534   2560-2560    C03951/InputKeyFlow            com.example.testnapi  I     [event_manager.cpp(308)-(100000:100000:scope)] InputTracking id:912, touch test hitted recognizer type info: recognizer type ClickRecognizer node info: { tag: TextArea };recognizer type LongPressRecognizer node info: { tag: TextArea }; { tag: TextArea }; { tag: TextArea };recognizer type PanRecognizer node info: { tag: TextArea }; { tag: TextArea };
02-25 15:55:24.535   2560-2560    C03951/InputKeyFlow            com.example.testnapi  I     [exclusive_recognizer.cpp(110)-(100000:100000:scope)] Id:912, exclusive 0 type: 0
02-25 15:55:24.535   2560-2560    C03951/InputKeyFlow            com.example.testnapi  I     [click_recognizer.cpp(210)-(100000:100000:scope)] Id:912, click 0 down, ETF: 0, CTP: 0, state: 0
02-25 15:55:24.535   2560-2560    C03951/InputKeyFlow            com.example.testnapi  I     [pan_recognizer.cpp(209)-(100000:100000:scope)] Id:912, pan 0 down, state: 0
02-25 15:55:24.536   2560-2560    C03951/InputKeyFlow            com.example.testnapi  I     [parallel_recognizer.cpp(93)-(100000:100000:scope)] Id:912, parallel 0 type: 0
02-25 15:55:24.536   2560-2560    C03951/InputKeyFlow            com.example.testnapi  I     [long_press_recognizer.cpp(127)-(100000:100000:scope)] Id:912, LongPress 0 down, state: 0
02-25 15:55:24.536   2560-2560    C03951/InputKeyFlow            com.example.testnapi  I     [sequenced_recognizer.cpp(126)-(100000:100000:scope)] Id:912, sequenced 0 type: 0
02-25 15:55:24.536   2560-2560    C03951/InputKeyFlow            com.example.testnapi  I     [long_press_recognizer.cpp(127)-(100000:100000:scope)] Id:912, LongPress 0 down, state: 0
02-25 15:55:24.536   2560-2560    C0391e/AceGesture              com.example.testnapi  I     [gesture_recognizer.cpp(526)-(100000:100000:scope)] Recognizer has already receive touchId: 0 event, node tag = TextArea, id = 6
02-25 15:55:24.536   2560-2560    C03951/InputKeyFlow            com.example.testnapi  I     [long_press_recognizer.cpp(127)-(100000:100000:scope)] Id:912, LongPress 0 down, state: 0
02-25 15:55:24.540   2560-2560    C03919/AceInputTracking        com.example.testnapi  I     [event_manager.cpp(2042)-(100000:100000:scope)] Consumed new event id=912 in ace_container, lastEventInfo: id:913
02-25 15:55:24.540   2560-2667    C01719/ffrt                    com.example.testnapi  W     91:TrivalOpenQosCtrlNode:64 pid 2560 belong to user 20010049 open qos node warn, fd:-1, eno:2, No such file or directory
02-25 15:55:24.540   2560-2667    C057c6/BinderInvoker           com.example.testnapi  I     BinderInvoker 92: created invoker 299667488
02-25 15:55:24.540   2560-2668    C01719/ffrt                    com.example.testnapi  W     98:TrivalOpenQosCtrlNode:64 pid 2560 belong to user 20010049 open qos node warn, fd:-1, eno:2, No such file or directory
02-25 15:55:24.541   2560-2668    C057c6/BinderInvoker           com.example.testnapi  I     BinderInvoker 92: created invoker 299667984
02-25 15:55:24.629   2560-2578    C02805/InputKeyFlow            com.example.testnapi  I     [][OnPointerEvent:188] ac: up: 914
02-25 15:55:24.629   2560-2578    C02805/InputKeyFlow            com.example.testnapi  I     [P:U:914][OnPointerEvent:490] id:914 recv
02-25 15:55:24.629   2560-2578    C04213/InputKeyFlow            com.example.testnapi  I     [input_transfer_station.cpp] OnInputEvent<82>: eid:1,InputId:914,wid:23,action:4
02-25 15:55:24.630   2560-2560    C03951/InputKeyFlow            com.example.testnapi  I     [pipeline_context.cpp(2097)-(100000:100000:scope)] InputTracking id:914, fingerId:0, x=216.000, y=97.000 type=1, inject=0
02-25 15:55:24.632   2560-2560    C03951/InputKeyFlow            com.example.testnapi  I     [exclusive_recognizer.cpp(110)-(100000:100000:scope)] Id:914, exclusive 0 type: 1
02-25 15:55:24.632   2560-2560    C03951/InputKeyFlow            com.example.testnapi  I     [click_recognizer.cpp(271)-(100000:100000:scope)] Id:914, click 0 up, state: 0
02-25 15:55:24.632   2560-2560    C0391e/AceGesture              com.example.testnapi  I     [click_recognizer.cpp(306)-(100000:100000:scope)] Click try accept
02-25 15:55:24.633   2560-2560    C03951/InputKeyFlow            com.example.testnapi  I     [click_recognizer.cpp(163)-(100000:100000:scope)] Click accepted, tag: TextArea
02-25 15:55:24.633   2560-2560    C03914/AceTextField            com.example.testnapi  I     [text_field_pattern.cpp(2196)-(100000:100000:scope)] textfield 6 request focus currently
02-25 15:55:24.634   2560-2560    C0391c/AceFocus                com.example.testnapi  I     [focus_hub.cpp(1127)-(100000:100000:scope)] Node(TextArea/6) on focus
02-25 15:55:24.634   2560-2560    C03914/AceTextField            com.example.testnapi  I     [text_field_pattern.cpp(924)-(100000:100000:scope)] TextField 6 on focus
02-25 15:55:24.634   2560-2560    C03914/AceTextField            com.example.testnapi  I     [text_field_pattern.cpp(4749)-(100000:100000:scope)] 6 RequestKeyboardByFocusSwitch: onFocus_: 0 Inner: 1 modalCovered: 0
02-25 15:55:24.634   2560-2560    C03914/AceTextField            com.example.testnapi  I     [text_field_pattern.cpp(4758)-(100000:100000:scope)] 6 add requestkeyboard task
02-25 15:55:24.634   2560-2560    C0391c/AceFocus                com.example.testnapi  I     [focus_manager.cpp(338)-(100000:100000:scope)] FocusSwitching end, startReason: 2, endReason: 4, updateReason: 2
02-25 15:55:24.635   2560-2560    C03933/AceKeyboard             com.example.testnapi  I     [input_method_manager_ohos.cpp(52)-(100000:100000:scope)] current focus node info : (TextArea/6).
02-25 15:55:24.635   2560-2560    C03912/AceTextInput            com.example.testnapi  I     [text_input_ai_checker.cpp(25)-(100000:100000:scope)] NeedAIAnalysis type is 0,return!
02-25 15:55:24.635   2560-2560    C03914/AceTextField            com.example.testnapi  I     [text_select_controller.cpp(166)-(100000:100000:scope)] now caret index = [0]
02-25 15:55:24.635   2560-2560    C03914/AceTextField            com.example.testnapi  I     [text_field_pattern.cpp(2274)-(100000:100000:scope)] DoProcessAutoFill
02-25 15:55:24.636   2560-2560    C03f00/MUSL-LDSO               com.example.testnapi  E     Open absolute_path library: check ns accessible failed, pathname /system/lib64/module/hms/core/atomicservicecomponent/libhint2type.z.so namespace ndk.
02-25 15:55:24.636   2560-2560    C03f00/MUSL-LDSO               com.example.testnapi  E     Error loading header /system/lib64/module/hms/core/atomicservicecomponent/libhint2type.z.so, namespace ndk has no inherits, errno=2
02-25 15:55:24.636   2560-2560    C03f00/MUSL-LDSO               com.example.testnapi  E     Error loading header: can't find library /system/lib64/module/hms/core/atomicservicecomponent/libhint2type.z.so in namespace: default
02-25 15:55:24.636   2560-2560    C03f00/MUSL-LDSO               com.example.testnapi  E     dlopen_impl load library header failed for /system/lib64/module/hms/core/atomicservicecomponent/libhint2type.z.so
02-25 15:55:24.636   2560-2560    C03900/Ace                     com.example.testnapi  E     [view_data_wrap_ohos.cpp(74)-(100000:100000:scope)] Failed to open libhint2type library /system/lib64/module/hms/core/atomicservicecomponent/libhint2type.z.so, reason: Error loading shared library /system/lib64/module/hms/core/atomicservicecomponent/libhint2type.z.so: No such file or directoryn
02-25 15:55:24.636   2560-2560    C03932/AceAutoFill             com.example.testnapi  E     [ace_container.cpp(1375)-(100000:100000:scope)] Load Hint2Type Failed !
02-25 15:55:24.636   2560-2560    C03932/AceAutoFill             com.example.testnapi  E     [text_field_pattern.cpp(2318)-(100000:100000:scope)] CheckAutoFillType :autoFillType is ACE_UNSPECIFIED.
02-25 15:55:24.636   2560-2560    C03932/AceAutoFill             com.example.testnapi  I     [text_field_pattern.cpp(2421)-(100000:100000:scope)] No need to auto fill.
02-25 15:55:24.636   2560-2560    C03914/AceTextField            com.example.testnapi  I     [text_field_pattern.cpp(4786)-(100000:100000:scope)] 6 requestKeyboard With Reason 2
02-25 15:55:24.636   2560-2560    C03914/AceTextField            com.example.testnapi  I     [text_field_pattern.cpp(3578)-(100000:100000:scope)] textfield to request keyboardshowsoftkeyboard: 1
02-25 15:55:24.637   2560-2560    C03914/AceTextField            com.example.testnapi  I     [text_field_pattern.cpp(3696)-(100000:100000:scope)] textfield 6 MiscTextConfig positionY: 165.000000, height: 76.000000
02-25 15:55:24.637   2560-2560    C03914/AceTextField            com.example.testnapi  I     [text_field_pattern.cpp(3605)-(100000:100000:scope)] node 6 RequestKeyboard set calling window id:23 inputType: -1 enterKeyType: 8
02-25 15:55:24.638   2560-2560    C01c10/ImsaKit                 com.example.testnapi  I     line: 231, function: Attach,isShowKeyboard 1
02-25 15:55:24.661   2560-2563    C03914/AceTextField            com.example.testnapi  I     [on_text_changed_listener_impl.cpp(142)-(-1:100000:singleton)] SendKeyboardStatus status: 2
02-25 15:55:24.661   2560-2563    C03914/AceTextField            com.example.testnapi  I     [on_text_changed_listener_impl.cpp(86)-(-1:100000:singleton)] SetKeyboardStatus status: 1
02-25 15:55:24.665   2560-2560    C01c10/ImsaKit                 com.example.testnapi  I     line: 941, function: OnInputReady,IMC
02-25 15:55:24.666   2560-2560    C01c10/ImsaKit                 com.example.testnapi  I     line: 255, function: Attach,bind imf successfully
02-25 15:55:24.666   2560-2560    C03914/AceTextField            com.example.testnapi  I     [text_field_pattern.cpp(3696)-(100000:100000:scope)] textfield 6 MiscTextConfig positionY: 165.000000, height: 76.000000
02-25 15:55:24.666   2560-2560    C01c10/ImsaKit                 com.example.testnapi  I     line: 626, function: OnCursorUpdate,left: 111, top: 177, height: 28
02-25 15:55:24.669   2560-2560    C01c10/ImsaKit                 com.example.testnapi  I     line: 660, function: OnSelectionChange,IMC size: 0, range: 0/0/0/0
02-25 15:55:24.670   2560-2563    C03900/Ace                     com.example.testnapi  I     [ui_content_impl.cpp(393)-(-1:100000:singleton)] OccupiedAreaChange rect:Rect (0.00, 855.00) - [1200.00 x 825.00] type: 0, positionY:0.000000, height:0.000000, instanceId_ 100000
02-25 15:55:24.670   2560-2560    C03914/AceTextField            com.example.testnapi  I     [text_field_pattern.cpp(697)-(100000:100000:scope)] UpdateCaretInfoToController, left 111.000000, top 177.000000, width 3.000000, height 28.000000, selectController_ Start 0, end 0
02-25 15:55:24.672   2560-2560    C03905/AceDrag                 com.example.testnapi  I     [drag_event.cpp(469)-(100000:100000:scope)] Tragger pan onReject
02-25 15:55:24.672   2560-2560    C03905/AceDrag                 com.example.testnapi  I     [drag_event.cpp(469)-(100000:100000:scope)] Tragger pan onReject
02-25 15:55:24.672   2560-2560    C03951/InputKeyFlow            com.example.testnapi  I     [pan_recognizer.cpp(296)-(100000:100000:scope)] Id:914, pan 0 up, state: 6
02-25 15:55:24.673   2560-2560    C03951/InputKeyFlow            com.example.testnapi  I     [parallel_recognizer.cpp(93)-(100000:100000:scope)] Id:914, parallel 0 type: 1
02-25 15:55:24.673   2560-2560    C03951/InputKeyFlow            com.example.testnapi  I     [long_press_recognizer.cpp(184)-(100000:100000:scope)] Id:914, LongPress 0 up, state: 6
02-25 15:55:24.673   2560-2560    C03951/InputKeyFlow            com.example.testnapi  I     [sequenced_recognizer.cpp(126)-(100000:100000:scope)] Id:914, sequenced 0 type: 1
02-25 15:55:24.673   2560-2560    C03951/InputKeyFlow            com.example.testnapi  I     [long_press_recognizer.cpp(184)-(100000:100000:scope)] Id:914, LongPress 0 up, state: 6
02-25 15:55:24.673   2560-2560    C03951/InputKeyFlow            com.example.testnapi  I     [long_press_recognizer.cpp(184)-(100000:100000:scope)] Id:914, LongPress 0 up, state: 6
02-25 15:55:24.673   2560-2560    C03919/AceInputTracking        com.example.testnapi  I     [event_manager.cpp(2042)-(100000:100000:scope)] Consumed new event id=914 in ace_container, lastEventInfo: id:913
02-25 15:55:24.677   2560-2560    C03914/AceTextField            com.example.testnapi  I     [text_field_pattern.cpp(3696)-(100000:100000:scope)] textfield 6 MiscTextConfig positionY: 165.000000, height: 76.000000
02-25 15:55:24.677   2560-2560    C03914/AceTextField            com.example.testnapi  I     [text_field_pattern.cpp(683)-(100000:100000:scope)] UpdateCaretInfoToController, same to update caretInfo
02-25 15:55:24.677   2560-2560    C03914/AceTextField            com.example.testnapi  I     [text_field_pattern.cpp(4765)-(100000:100000:scope)] Already call close/attach before attach, no need attach this time
02-25 15:55:24.678   2560-2560    C03933/AceKeyboard             com.example.testnapi  I     [pipeline_context.cpp(1804)-(100000:100000:scope)] origin positionY: -120.000000, height 0.000000
02-25 15:55:24.678   2560-2560    C03933/AceKeyboard             com.example.testnapi  I     [pipeline_context.cpp(1853)-(100000:100000:scope)] keyboardHeight: 825.000000, positionY: 57.000000, textHeight: 64.000000, rootSize.Height() 1680.000000 final calculate keyboard offset is 0.000000
02-25 15:55:25.854   2560-2563    C03914/AceTextField            com.example.testnapi  I     [on_text_changed_listener_impl.cpp(39)-(-1:100000:singleton)] InsertText length:1
02-25 15:55:25.864   2560-2560    C03914/AceTextField            com.example.testnapi  I     [text_field_pattern.cpp(3879)-(100000:100000:scope)] BeforeIMEInsertValue len:<private>,offset:<private>
02-25 15:55:25.865   2560-2560    C03914/AceTextField            com.example.testnapi  I     [text_field_pattern.cpp(3894)-(100000:100000:scope)] AfterIMEInsertValue len:<private>,offset:<private>
02-25 15:55:25.869   2560-2560    C03912/AceTextInput            com.example.testnapi  I     [text_select_controller.cpp(414)-(100000:100000:scope)] before move, handleRect.GetX():37.919952,handleRect.GetY():12.000000
02-25 15:55:25.869   2560-2560    C03912/AceTextInput            com.example.testnapi  I     [text_select_controller.cpp(450)-(100000:100000:scope)] after move, handleRect.GetX():36.419952,handleRect.GetY():12.000000
02-25 15:55:25.869   2560-2560    C03926/AceTheme                com.example.testnapi  W     [theme_style.h(125)-(100000:100000:scope)] style text_overlay_pattern not contains bg_color_disabled_alpha!
02-25 15:55:25.869   2560-2560    C03914/AceTextField            com.example.testnapi  I     [text_field_pattern.cpp(3696)-(100000:100000:scope)] textfield 6 MiscTextConfig positionY: 165.000000, height: 76.000000
02-25 15:55:25.870   2560-2560    C01c10/ImsaKit                 com.example.testnapi  I     line: 626, function: OnCursorUpdate,left: 123, top: 177, height: 28
02-25 15:55:25.870   2560-2560    C01c10/ImsaKit                 com.example.testnapi  I     line: 660, function: OnSelectionChange,IMC size: 1, range: 0/0/1/1
02-25 15:55:25.871   2560-2560    C03914/AceTextField            com.example.testnapi  I     [text_field_pattern.cpp(697)-(100000:100000:scope)] UpdateCaretInfoToController, left 123.419952, top 177.000000, width 3.000000, height 28.000000, selectController_ Start 1, end 1
02-25 15:55:25.872   2560-2560    C03914/AceTextField            com.example.testnapi  I     [text_field_event_hub.h(165)-(100000:100000:scope)] On change <private>
02-25 15:55:25.872   2560-2560    C03914/AceTextField            com.example.testnapi  I     [text_field_event_hub.h(166)-(100000:100000:scope)] On change previewText <private>
02-25 15:55:25.872   2560-2560    C03914/AceTextField            com.example.testnapi  I     [text_field_event_hub.h(167)-(100000:100000:scope)] On change previewText index <private>
02-25 15:55:25.884   2560-2560    C03914/AceTextField            com.example.testnapi  I     [text_field_model_ng.cpp(93)-(100000:100000:scope)] text field create node, id = 6
02-25 15:55:25.885   2560-2560    C03914/AceTextField            com.example.testnapi  I     [text_field_pattern.cpp(2608)-(100000:100000:scope)] textfield 6 Keyboard action is 8
02-25 15:55:25.892   2560-2560    C03912/AceTextInput            com.example.testnapi  I     [text_select_controller.cpp(414)-(100000:100000:scope)] before move, handleRect.GetX():37.919952,handleRect.GetY():12.000000
02-25 15:55:25.892   2560-2560    C03912/AceTextInput            com.example.testnapi  I     [text_select_controller.cpp(450)-(100000:100000:scope)] after move, handleRect.GetX():36.419952,handleRect.GetY():12.000000
02-25 15:55:25.892   2560-2560    C03914/AceTextField            com.example.testnapi  I     [text_field_pattern.cpp(3696)-(100000:100000:scope)] textfield 6 MiscTextConfig positionY: 165.000000, height: 76.000000
02-25 15:55:25.892   2560-2560    C03914/AceTextField            com.example.testnapi  I     [text_field_pattern.cpp(683)-(100000:100000:scope)] UpdateCaretInfoToController, same to update caretInfo
02-25 15:55:26.281   2560-2563    C03914/AceTextField            com.example.testnapi  I     [on_text_changed_listener_impl.cpp(39)-(-1:100000:singleton)] InsertText length:1
02-25 15:55:26.293   2560-2560    C03914/AceTextField            com.example.testnapi  I     [text_field_pattern.cpp(3879)-(100000:100000:scope)] BeforeIMEInsertValue len:<private>,offset:<private>
02-25 15:55:26.293   2560-2560    C03914/AceTextField            com.example.testnapi  I     [text_field_pattern.cpp(3894)-(100000:100000:scope)] AfterIMEInsertValue len:<private>,offset:<private>
02-25 15:55:26.296   2560-2560    C03912/AceTextInput            com.example.testnapi  I     [text_select_controller.cpp(414)-(100000:100000:scope)] before move, handleRect.GetX():43.703934,handleRect.GetY():12.000000
02-25 15:55:26.296   2560-2560    C03912/AceTextInput            com.example.testnapi  I     [text_select_controller.cpp(450)-(100000:100000:scope)] after move, handleRect.GetX():42.203934,handleRect.GetY():12.000000
02-25 15:55:26.297   2560-2560    C03914/AceTextField            com.example.testnapi  I     [text_field_pattern.cpp(3696)-(100000:100000:scope)] textfield 6 MiscTextConfig positionY: 165.000000, height: 76.000000
02-25 15:55:26.297   2560-2560    C01c10/ImsaKit                 com.example.testnapi  I     line: 626, function: OnCursorUpdate,left: 129, top: 177, height: 28
02-25 15:55:26.298   2560-2560    C01c10/ImsaKit                 com.example.testnapi  I     line: 660, function: OnSelectionChange,IMC size: 2, range: 1/1/2/2
02-25 15:55:26.298   2560-2560    C03914/AceTextField            com.example.testnapi  I     [text_field_pattern.cpp(697)-(100000:100000:scope)] UpdateCaretInfoToController, left 129.203934, top 177.000000, width 3.000000, height 28.000000, selectController_ Start 2, end 2
02-25 15:55:26.299   2560-2560    C03914/AceTextField            com.example.testnapi  I     [text_field_event_hub.h(165)-(100000:100000:scope)] On change <private>
02-25 15:55:26.299   2560-2560    C03914/AceTextField            com.example.testnapi  I     [text_field_event_hub.h(166)-(100000:100000:scope)] On change previewText <private>
02-25 15:55:26.299   2560-2560    C03914/AceTextField            com.example.testnapi  I     [text_field_event_hub.h(167)-(100000:100000:scope)] On change previewText index <private>
02-25 15:55:26.311   2560-2560    C03914/AceTextField            com.example.testnapi  I     [text_field_model_ng.cpp(93)-(100000:100000:scope)] text field create node, id = 6
02-25 15:55:26.311   2560-2560    C03914/AceTextField            com.example.testnapi  I     [text_field_pattern.cpp(2608)-(100000:100000:scope)] textfield 6 Keyboard action is 8
02-25 15:55:26.315   2560-2560    C03912/AceTextInput            com.example.testnapi  I     [text_select_controller.cpp(414)-(100000:100000:scope)] before move, handleRect.GetX():43.703934,handleRect.GetY():12.000000
02-25 15:55:26.315   2560-2560    C03912/AceTextInput            com.example.testnapi  I     [text_select_controller.cpp(450)-(100000:100000:scope)] after move, handleRect.GetX():42.203934,handleRect.GetY():12.000000
02-25 15:55:26.316   2560-2560    C03914/AceTextField            com.example.testnapi  I     [text_field_pattern.cpp(3696)-(100000:100000:scope)] textfield 6 MiscTextConfig positionY: 165.000000, height: 76.000000
02-25 15:55:26.316   2560-2560    C03914/AceTextField            com.example.testnapi  I     [text_field_pattern.cpp(683)-(100000:100000:scope)] UpdateCaretInfoToController, same to update caretInfo
02-25 15:55:27.488   2560-2578    C02805/InputKeyFlow            com.example.testnapi  I     [][OnPointerEvent:188] ac: down: 921
02-25 15:55:27.488   2560-2578    C02805/InputKeyFlow            com.example.testnapi  I     [P:D:921][OnPointerEvent:490] id:921 recv
02-25 15:55:27.488   2560-2578    C04213/InputKeyFlow            com.example.testnapi  I     [input_transfer_station.cpp] OnInputEvent<82>: eid:2,InputId:921,wid:23,action:2
02-25 15:55:27.488   2560-2578    C03900/Ace                     com.example.testnapi  I     [mmi_event_convertor.cpp(553)-(-1:100000:singleton)] pointdown windowId: 23
02-25 15:55:27.489   2560-2560    C03951/InputKeyFlow            com.example.testnapi  I     [pipeline_context.cpp(2097)-(100000:100000:scope)] InputTracking id:921, fingerId:0, x=588.000, y=272.000 type=0, inject=0
02-25 15:55:27.491   2560-2560    C03951/InputKeyFlow            com.example.testnapi  I     [event_manager.cpp(221)-(100000:100000:scope)] InputTracking id:921, touch test hitted node info: fingerId: 0{ tag: Button, frameRect: RectT (87.00, 225.00) - [1026.00 x 60.00], depth: 6 };
02-25 15:55:27.491   2560-2560    C03951/InputKeyFlow            com.example.testnapi  I     [event_manager.cpp(308)-(100000:100000:scope)] InputTracking id:921, touch test hitted recognizer type info: recognizer type ClickRecognizer node info: { tag: Button };
02-25 15:55:27.492   2560-2560    C03951/InputKeyFlow            com.example.testnapi  I     [click_recognizer.cpp(210)-(100000:100000:scope)] Id:921, click 0 down, ETF: 0, CTP: 0, state: 0
02-25 15:55:27.492   2560-2560    C03919/AceInputTracking        com.example.testnapi  I     [event_manager.cpp(2042)-(100000:100000:scope)] Consumed new event id=921 in ace_container, lastEventInfo: id:913
02-25 15:55:27.495   2560-2578    C02805/InputKeyFlow            com.example.testnapi  I     [][OnPointerEvent:188] ac: move: 922
02-25 15:55:27.574   2560-2586    C01406/OHOS::RS                com.example.testnapi  I     RSUIDirector::ProcessMessages messageId:1, cmdCount:1, instanceId:100000
02-25 15:55:27.575   2560-2560    C01406/OHOS::RS                com.example.testnapi  I     RSUIDirector::PostTask messageId:1, cmdCount:1, instanceId:100000
02-25 15:55:27.701   2560-2578    C02805/InputKeyFlow            com.example.testnapi  I     [][OnPointerEvent:188] ac: up: 923
02-25 15:55:27.701   2560-2578    C02805/InputKeyFlow            com.example.testnapi  I     [P:U:923][OnPointerEvent:490] id:923 recv
02-25 15:55:27.701   2560-2578    C04213/InputKeyFlow            com.example.testnapi  I     [input_transfer_station.cpp] OnInputEvent<82>: eid:3,InputId:923,wid:23,action:4
02-25 15:55:27.702   2560-2560    C03951/InputKeyFlow            com.example.testnapi  I     [pipeline_context.cpp(2097)-(100000:100000:scope)] InputTracking id:923, fingerId:0, x=588.000, y=272.000 type=1, inject=0
02-25 15:55:27.703   2560-2560    C03951/InputKeyFlow            com.example.testnapi  I     [click_recognizer.cpp(271)-(100000:100000:scope)] Id:923, click 0 up, state: 0
02-25 15:55:27.704   2560-2560    C0391e/AceGesture              com.example.testnapi  I     [click_recognizer.cpp(306)-(100000:100000:scope)] Click try accept
02-25 15:55:27.704   2560-2560    C03951/InputKeyFlow            com.example.testnapi  I     [click_recognizer.cpp(163)-(100000:100000:scope)] Click accepted, tag: Button
02-25 15:55:27.706   2560-2560    A03d00/JSAPP                   com.example.testnapi  I     Generating response for input: hi
02-25 15:55:27.707   2560-2560    C01650/ChatGPT                 com.example.testnapi  I     ChatGPT instance created
02-25 15:55:27.708   2560-2560    C01650/ChatGPT                 com.example.testnapi  I     CURL initialized successfully
02-25 15:55:27.709   2560-2560    C01650/ChatGPT                 com.example.testnapi  I     Making request to Ollama API
02-25 15:55:31.313   2560-2576    C01719/ffrt                    com.example.testnapi  W     349:~WorkerThread:65 WorkerThread enter destruction
02-25 15:55:31.313   2560-2576    C057c6/BinderInvoker           com.example.testnapi  I     ~BinderInvoker 97: destroyed invoker 306365952
02-25 15:55:31.325   2560-2596    C01719/ffrt                    com.example.testnapi  W     353:~WorkerThread:65 WorkerThread enter destruction
02-25 15:55:32.494   2560-2668    C01719/ffrt                    com.example.testnapi  W     374:~WorkerThread:65 WorkerThread enter destruction
02-25 15:55:32.494   2560-2668    C057c6/BinderInvoker           com.example.testnapi  I     ~BinderInvoker 97: destroyed invoker 299667984
02-25 15:55:32.497   2560-2667    C01719/ffrt                    com.example.testnapi  W     378:~WorkerThread:65 WorkerThread enter destruction
02-25 15:55:32.497   2560-2667    C057c6/BinderInvoker           com.example.testnapi  I     ~BinderInvoker 97: destroyed invoker 299667488
02-25 15:55:34.828   2560-3064    C01719/ffrt                    com.example.testnapi  W     419:TrivalOpenQosCtrlNode:64 pid 2560 belong to user 20010049 open qos node warn, fd:-1, eno:2, No such file or directory
02-25 15:55:34.829   2560-3064    C01201/EventHandler            com.example.testnapi  I     EventHandler start dumper!
02-25 15:55:34.831   2560-3064    C01310/AppDfr                  com.example.testnapi  I     [appfreeze_inner.cpp:229]Start NotifyAppFault:THREAD_BLOCK_3S, pid:2560, bundleName:com.example.testnapi.
02-25 15:55:34.832   2560-3064    C057c6/BinderInvoker           com.example.testnapi  I     BinderInvoker 92: created invoker 299573008
02-25 15:55:34.835   2560-2562    C03f00/MUSL-SIGCHAIN           com.example.testnapi  E     signal_chain_handler call 2 rd sigchain action for signal: 35 sca_sigaction=3f9a0c670c noreturn=0 FREEZE_signo_35 thread_list_lock_status:0tl_lock_count=0 tl_lock_waiters=0tl_lock_tid_fail=-1 tl_lock_count_tid=199
02-25 15:55:34.836   2560-2562    C02d11/DfxSignalHandler        com.example.testnapi  I     DFX_SigchainHandler :: sig(35), pid(2560), tid(2562).
02-25 15:55:34.836   2560-2562    C02d11/DfxSignalHandler        com.example.testnapi  I     DFX_SigchainHandler :: sig(35), pid(2560), processName(com.example.testnapi), threadName(OS_IPC_0_2562).
02-25 15:55:34.938   2560-3069    C057c1/IPCWorkThread           com.example.testnapi  I     ThreadHandler 110: proto:0 policy:0 name:OS_IPC_3_3069
02-25 15:55:34.939   2560-3069    C057c6/BinderInvoker           com.example.testnapi  I     BinderInvoker 92: created invoker 299573552
02-25 15:55:34.940   2560-2563    C057c7/BinderConnector         com.example.testnapi  W     WriteBinder 209: ioctl_binder returned EINTR time:24588398909140
02-25 15:55:34.940   2560-2562    C02d11/DfxSignalHandler        com.example.testnapi  I     start wait processdump read registers
02-25 15:55:34.970   2560-2562    C02d11/DfxSignalHandler        com.example.testnapi  I     processdump have get all registers .
02-25 15:55:35.025   2560-2566    C057c7/BinderConnector         com.example.testnapi  W     WriteBinder 209: ioctl_binder returned EINTR time:24588484085223
02-25 15:55:35.025   2560-2563    C057c7/BinderConnector         com.example.testnapi  W     WriteBinder 209: ioctl_binder returned EINTR time:24588484156806
02-25 15:55:35.025   2560-3069    C057c7/BinderConnector         com.example.testnapi  W     WriteBinder 209: ioctl_binder returned EINTR time:24588484482681
02-25 15:55:35.055   2560-2562    C02d11/DfxSignalHandler        com.example.testnapi  I     process dump end
02-25 15:55:35.055   2560-2562    C02d11/DfxSignalHandler        com.example.testnapi  I     Finish handle signal(35) in 2560:2562
02-25 15:55:35.055   2560-2562    C03f00/MUSL-SIGCHAIN           com.example.testnapi  E     signal_chain_handler call 2 rd sigchain action for signal: 35 directly return
02-25 15:55:35.055   2560-2562    C057c7/BinderConnector         com.example.testnapi  W     WriteBinder 209: ioctl_binder returned EINTR time:24588514170681
02-25 15:55:35.627   2560-2563    C057c7/BinderConnector         com.example.testnapi  W     WriteBinder 209: ioctl_binder returned EINTR time:24589085985015
02-25 15:55:37.828   2560-3064    C01201/EventHandler            com.example.testnapi  I     EventHandler start dumper!
02-25 15:55:37.831   2560-3064    C057c2/IPCObjectProxy          com.example.testnapi  I     SendRequest 137: handle:10 desc:*.AbilityManager refcnt:3 381544592
02-25 15:55:37.842   2560-3064    C01310/AppDfr                  com.example.testnapi  I     [appfreeze_inner.cpp:134]hisysevent write result=0, send event [FRAMEWORK,PROCESS_KILL], pid=2560, processName=com.example.testnapi, msg=Kill Reason:THREAD_BLOCK_6S
02-25 15:55:37.842   2560-3064    C01310/AppDfr                  com.example.testnapi  I     [appfreeze_inner.cpp:229]Start NotifyAppFault:THREAD_BLOCK_6S, pid:2560, bundleName:com.example.testnapi.
02-25 15:55:37.844   2560-3064    C01356/Recovery                com.example.testnapi  E     [app_recovery.cpp:171]is not enabled
02-25 15:55:37.844   2560-3064    C01356/Recovery                com.example.testnapi  E     [app_recovery.cpp:229]not enabled
02-25 15:55:37.846   2560-2563    C03f00/MUSL-SIGCHAIN           com.example.testnapi  E     signal_chain_handler call 2 rd sigchain action for signal: 35 sca_sigaction=3f9a0c670c noreturn=0 FREEZE_signo_35 thread_list_lock_status:0tl_lock_count=0 tl_lock_waiters=0tl_lock_tid_fail=-1 tl_lock_count_tid=199
02-25 15:55:37.846   2560-2563    C02d11/DfxSignalHandler        com.example.testnapi  I     DFX_SigchainHandler :: sig(35), pid(2560), tid(2563).
02-25 15:55:37.846   2560-2563    C02d11/DfxSignalHandler        com.example.testnapi  I     DFX_SigchainHandler :: sig(35), pid(2560), processName(com.example.testnapi), threadName(OS_IPC_1_2563).
02-25 15:55:37.937   2560-2563    C02d11/DfxSignalHandler        com.example.testnapi  I     start wait processdump read registers
02-25 15:55:37.937   2560-3198    C057c1/IPCWorkThread           com.example.testnapi  I     ThreadHandler 110: proto:0 policy:0 name:OS_IPC_4_3198
02-25 15:55:37.938   2560-3198    C057c6/BinderInvoker           com.example.testnapi  I     BinderInvoker 92: created invoker 299574992
02-25 15:55:37.964   2560-2563    C02d11/DfxSignalHandler        com.example.testnapi  I     processdump have get all registers .
02-25 15:55:38.016   2560-2566    C057c7/BinderConnector         com.example.testnapi  W     WriteBinder 209: ioctl_binder returned EINTR time:24591475403308
02-25 15:55:38.016   2560-3069    C057c7/BinderConnector         com.example.testnapi  W     WriteBinder 209: ioctl_binder returned EINTR time:24591475594850
02-25 15:55:38.016   2560-2562    C057c7/BinderConnector         com.example.testnapi  W     WriteBinder 209: ioctl_binder returned EINTR time:24591475424308
02-25 15:55:38.016   2560-3198    C057c7/BinderConnector         com.example.testnapi  W     WriteBinder 209: ioctl_binder returned EINTR time:24591475736683
02-25 15:55:38.046   2560-2563    C02d11/DfxSignalHandler        com.example.testnapi  I     process dump end
02-25 15:55:38.047   2560-2563    C02d11/DfxSignalHandler        com.example.testnapi  I     Finish handle signal(35) in 2560:2563
02-25 15:55:38.047   2560-2563    C03f00/MUSL-SIGCHAIN           com.example.testnapi  E     signal_chain_handler call 2 rd sigchain action for signal: 35 directly return
02-25 15:55:38.047   2560-2563    C057c7/BinderConnector         com.example.testnapi  W     WriteBinder 209: ioctl_binder returned EINTR time:24591505926600
