02-25 17:08:47.098   4691-4691    C03900/Ace                     pid-4691              I     [pipeline_context.cpp(278)-(100000:100000:scope)] Root node request first frame.
02-25 17:08:47.099   4691-4691    C03914/AceTextField            pid-4691              I     [text_field_pattern.cpp(4848)-(100000:100000:scope)] Textfield handleSurface position change, posX 0, posY 120
02-25 17:08:47.099   4691-4691    C04202/WMSMain                 pid-4691              I     [vsync_station.cpp] VsyncCallbackInner<167>: First vsync has come back, nodeId: 20147691585537
02-25 17:08:47.111   4691-4746    C01719/ffrt                    pid-4691              W     41:TrivalOpenQosCtrlNode:64 pid 4691 belong to user 20010049 open qos node warn, fd:-1, eno:2, No such file or directory
02-25 17:08:47.112   4691-4707    C057c6/BinderInvoker           pid-4691              I     BinderInvoker 92: created invoker 306366960
02-25 17:08:47.124   4691-4691    C01719/ffrt                    pid-4691              W     47:ffrt_skip:539 skip task [7] faild, because the task is doing now or has finished.
02-25 17:08:47.129   4691-4691    C03900/Ace                     pid-4691              E     [rosen_modifier_adapter.cpp(159)-(100000:100000:scope)] ConvertToRSProperty failed!
02-25 17:08:47.139   4691-4691    C03900/Ace                     pid-4691              I     [pipeline_context.cpp(651)-(100000:100000:scope)] ArkUi flush first frame messages.
02-25 17:08:47.139   4691-4691    C0391c/AceFocus                pid-4691              I     [focus_view.cpp(229)-(100000:100000:scope)] Request focus on focus view: page/2.
02-25 17:08:47.140   4691-4691    C0391c/AceFocus                pid-4691              I     [focus_view.cpp(242)-(100000:100000:scope)] Focus view has no default focus.
02-25 17:08:47.140   4691-4691    C0391c/AceFocus                pid-4691              I     [focus_hub.cpp(1127)-(100000:100000:scope)] Node(page/2) on focus
02-25 17:08:47.140   4691-4691    C0391c/AceFocus                pid-4691              I     [focus_hub.cpp(1127)-(100000:100000:scope)] Node(Column/5) on focus
02-25 17:08:47.140   4691-4691    C0391c/AceFocus                pid-4691              I     [focus_view.cpp(259)-(100000:100000:scope)] Request focus on view root scope: Column/5 return: 1.
02-25 17:08:47.140   4691-4691    C0391c/AceFocus                pid-4691              I     [focus_manager.cpp(365)-(100000:100000:scope)] WindowFocusMove end, startReason: 2, endReason: 2, updateReason: 2
02-25 17:08:47.140   4691-4691    C03933/AceKeyboard             pid-4691              I     [input_method_manager_ohos.cpp(52)-(100000:100000:scope)] current focus node info : (Column/5).
02-25 17:08:47.140   4691-4691    C03933/AceKeyboard             pid-4691              I     [input_method_manager_ohos.cpp(110)-(100000:100000:scope)] Normal Window focus first, set focus flag to window.
02-25 17:08:47.140   4691-4691    C03933/AceKeyboard             pid-4691              I     [input_method_manager_ohos.cpp(117)-(100000:100000:scope)] No Window Focus Callback
02-25 17:08:47.140   4691-4691    C03933/AceKeyboard             pid-4691              I     [pipeline_context.cpp(184)-(100000:100000:scope)] window switch need keyboard <private>
02-25 17:08:47.140   4691-4691    C03933/AceKeyboard             pid-4691              I     [input_method_manager_ohos.cpp(223)-(100000:100000:scope)] Nav CloseKeyboard FrameNode notNeedSoftKeyboard.
02-25 17:08:47.141   4691-4691    C01c10/ImsaKit                 pid-4691              I     line: 144, function: GetSystemAbilityProxy,get input method service proxy
02-25 17:08:47.147   4691-4691    C03933/AceKeyboard             pid-4691              I     [input_method_manager_ohos.cpp(228)-(100000:100000:scope)] Nav CloseKeyboard SoftKeyboard Closes Successfully.
02-25 17:08:47.148   4691-4691    C03903/AceSubWindow            pid-4691              I     [subwindow_manager.cpp(295)-(100000:100000:scope)] hide menu ng enter
02-25 17:08:47.148   4691-4726    C01406/OHOS::RS                pid-4691              E     RSRenderNodeDrawableAdapter::OnGenerate, node type <private> is not supported
02-25 17:08:47.148   4691-4726    C01406/OHOS::RS                pid-4691              E     RSRenderNode::InitRenderParams failed
02-25 17:08:47.149   4691-4726    C01406/OHOS::RS                pid-4691              E     RSRenderNodeDrawableAdapter::OnGenerate, node type <private> is not supported
02-25 17:08:47.149   4691-4726    C01406/OHOS::RS                pid-4691              E     RSRenderNode::InitRenderParams failed
02-25 17:08:47.149   4691-4726    C01406/OHOS::RS                pid-4691              E     RSRenderNodeDrawableAdapter::OnGenerate, node type <private> is not supported
02-25 17:08:47.149   4691-4726    C01406/OHOS::RS                pid-4691              E     RSRenderNode::InitRenderParams failed
02-25 17:08:47.149   4691-4726    C01406/OHOS::RS                pid-4691              E     RSRenderNodeDrawableAdapter::OnGenerate, node type <private> is not supported
02-25 17:08:47.149   4691-4726    C01406/OHOS::RS                pid-4691              E     RSRenderNode::InitRenderParams failed
02-25 17:08:47.149   4691-4726    C01406/OHOS::RS                pid-4691              E     RSRenderNodeDrawableAdapter::OnGenerate, node type <private> is not supported
02-25 17:08:47.149   4691-4726    C01406/OHOS::RS                pid-4691              E     RSRenderNode::InitRenderParams failed
02-25 17:08:47.149   4691-4726    C01406/OHOS::RS                pid-4691              E     RSRenderNodeDrawableAdapter::OnGenerate, node type <private> is not supported
02-25 17:08:47.149   4691-4726    C01406/OHOS::RS                pid-4691              E     RSRenderNode::InitRenderParams failed
02-25 17:08:47.149   4691-4726    C01406/OHOS::RS                pid-4691              E     RSRenderNodeDrawableAdapter::OnGenerate, node type <private> is not supported
02-25 17:08:47.149   4691-4726    C01406/OHOS::RS                pid-4691              E     RSRenderNode::InitRenderParams failed
02-25 17:08:47.150   4691-4726    C01406/OHOS::RS                pid-4691              E     RSRenderNodeDrawableAdapter::OnGenerate, node type <private> is not supported
02-25 17:08:47.150   4691-4726    C01406/OHOS::RS                pid-4691              E     RSRenderNode::InitRenderParams failed
02-25 17:08:47.150   4691-4726    C01406/OHOS::RS                pid-4691              E     RSRenderNodeDrawableAdapter::OnGenerate, node type <private> is not supported
02-25 17:08:47.150   4691-4726    C01406/OHOS::RS                pid-4691              E     RSRenderNode::InitRenderParams failed
02-25 17:08:47.150   4691-4726    C01406/OHOS::RS                pid-4691              E     RSRenderNodeDrawableAdapter::OnGenerate, node type <private> is not supported
02-25 17:08:47.150   4691-4726    C01406/OHOS::RS                pid-4691              E     RSRenderNode::InitRenderParams failed
02-25 17:08:47.150   4691-4726    C01406/OHOS::RS                pid-4691              E     RSRenderNodeDrawableAdapter::OnGenerate, node type <private> is not supported
02-25 17:08:47.150   4691-4726    C01406/OHOS::RS                pid-4691              E     RSRenderNode::InitRenderParams failed
02-25 17:08:47.168   4691-4726    C03f00/MUSL-LDSO               pid-4691              E     Open absolute_path library: check ns accessible failed, pathname /system/lib64/libGLESv3.so namespace ndk.
02-25 17:08:47.168   4691-4726    C03f00/MUSL-LDSO               pid-4691              E     Error loading header /system/lib64/libGLESv3.so, namespace ndk has no inherits, errno=2
02-25 17:08:47.168   4691-4726    C03f00/MUSL-LDSO               pid-4691              E     Error loading header: can't find library /system/lib64/libGLESv3.so in namespace: default
02-25 17:08:47.168   4691-4726    C03f00/MUSL-LDSO               pid-4691              E     dlopen_impl load library header failed for /system/lib64/libGLESv3.so
02-25 17:08:47.270   4691-4726    C01706/RsFrameReportExt        pid-4691              I     RsFrameReportExt:[LoadLibrary] load library success!
02-25 17:08:47.270   4691-4726    C01706/RsFrameReportExt        pid-4691              I     RsFrameReportExt:[Init] dlopen libframe_ui_intf.so success!
02-25 17:08:47.659   4691-4776    C01719/ffrt                    pid-4691              W     57:TrivalOpenQosCtrlNode:64 pid 4691 belong to user 20010049 open qos node warn, fd:-1, eno:2, No such file or directory
02-25 17:08:47.659   4691-4777    C01719/ffrt                    pid-4691              W     63:TrivalOpenQosCtrlNode:64 pid 4691 belong to user 20010049 open qos node warn, fd:-1, eno:2, No such file or directory
02-25 17:08:52.112   4691-4746    C01719/ffrt                    com.example.testnapi  W     140:~WorkerThread:65 WorkerThread enter destruction
02-25 17:08:52.112   4691-4707    C01719/ffrt                    com.example.testnapi  W     144:~WorkerThread:65 WorkerThread enter destruction
02-25 17:08:52.112   4691-4707    C057c6/BinderInvoker           com.example.testnapi  I     ~BinderInvoker 97: destroyed invoker 306366960
02-25 17:08:56.576   4691-4713    C02805/InputKeyFlow            com.example.testnapi  I     [][OnPointerEvent:188] ac: down: 972
02-25 17:08:56.577   4691-4713    C02805/InputKeyFlow            com.example.testnapi  I     [P:D:972][OnPointerEvent:490] id:972 recv
02-25 17:08:56.577   4691-4713    C04213/InputKeyFlow            com.example.testnapi  I     [input_transfer_station.cpp] OnInputEvent<82>: eid:0,InputId:972,wid:27,action:2
02-25 17:08:56.577   4691-4713    C057c6/BinderInvoker           com.example.testnapi  I     BinderInvoker 92: created invoker 294900144
02-25 17:08:56.578   4691-4713    C03900/Ace                     com.example.testnapi  I     [mmi_event_convertor.cpp(553)-(-1:100000:singleton)] pointdown windowId: 27
02-25 17:08:56.579   4691-4691    C03951/InputKeyFlow            com.example.testnapi  I     [pipeline_context.cpp(2097)-(100000:100000:scope)] InputTracking id:972, fingerId:0, x=121.000, y=173.000 type=0, inject=0
02-25 17:08:56.585   4691-4713    C02805/InputKeyFlow            com.example.testnapi  I     [][OnPointerEvent:188] ac: move: 973
02-25 17:08:56.586   4691-4691    C03951/InputKeyFlow            com.example.testnapi  I     [event_manager.cpp(221)-(100000:100000:scope)] InputTracking id:972, touch test hitted node info: fingerId: 0{ tag: TextArea, frameRect: RectT (15.00, 15.00) - [1050.00 x 180.00], depth: 7 };
02-25 17:08:56.586   4691-4691    C03951/InputKeyFlow            com.example.testnapi  I     [event_manager.cpp(308)-(100000:100000:scope)] InputTracking id:972, touch test hitted recognizer type info: recognizer type ClickRecognizer node info: { tag: TextArea };recognizer type LongPressRecognizer node info: { tag: TextArea }; { tag: TextArea }; { tag: TextArea };recognizer type PanRecognizer node info: { tag: TextArea }; { tag: TextArea };
02-25 17:08:56.586   4691-4691    C03951/InputKeyFlow            com.example.testnapi  I     [exclusive_recognizer.cpp(110)-(100000:100000:scope)] Id:972, exclusive 0 type: 0
02-25 17:08:56.587   4691-4691    C03951/InputKeyFlow            com.example.testnapi  I     [click_recognizer.cpp(210)-(100000:100000:scope)] Id:972, click 0 down, ETF: 0, CTP: 0, state: 0
02-25 17:08:56.587   4691-4691    C03951/InputKeyFlow            com.example.testnapi  I     [pan_recognizer.cpp(209)-(100000:100000:scope)] Id:972, pan 0 down, state: 0
02-25 17:08:56.587   4691-4691    C03951/InputKeyFlow            com.example.testnapi  I     [parallel_recognizer.cpp(93)-(100000:100000:scope)] Id:972, parallel 0 type: 0
02-25 17:08:56.587   4691-4691    C03951/InputKeyFlow            com.example.testnapi  I     [long_press_recognizer.cpp(127)-(100000:100000:scope)] Id:972, LongPress 0 down, state: 0
02-25 17:08:56.587   4691-4691    C03951/InputKeyFlow            com.example.testnapi  I     [sequenced_recognizer.cpp(126)-(100000:100000:scope)] Id:972, sequenced 0 type: 0
02-25 17:08:56.587   4691-4691    C03951/InputKeyFlow            com.example.testnapi  I     [long_press_recognizer.cpp(127)-(100000:100000:scope)] Id:972, LongPress 0 down, state: 0
02-25 17:08:56.588   4691-4691    C0391e/AceGesture              com.example.testnapi  I     [gesture_recognizer.cpp(526)-(100000:100000:scope)] Recognizer has already receive touchId: 0 event, node tag = TextArea, id = 8
02-25 17:08:56.588   4691-4691    C03951/InputKeyFlow            com.example.testnapi  I     [long_press_recognizer.cpp(127)-(100000:100000:scope)] Id:972, LongPress 0 down, state: 0
02-25 17:08:56.589   4691-4691    C03919/AceInputTracking        com.example.testnapi  I     [event_manager.cpp(2042)-(100000:100000:scope)] Consumed new event id=972 in ace_container, lastEventInfo: id:973
02-25 17:08:56.589   4691-5087    C01719/ffrt                    com.example.testnapi  W     218:TrivalOpenQosCtrlNode:64 pid 4691 belong to user 20010049 open qos node warn, fd:-1, eno:2, No such file or directory
02-25 17:08:56.590   4691-5087    C057c6/BinderInvoker           com.example.testnapi  I     BinderInvoker 92: created invoker 294902576
02-25 17:08:56.591   4691-5088    C01719/ffrt                    com.example.testnapi  W     225:TrivalOpenQosCtrlNode:64 pid 4691 belong to user 20010049 open qos node warn, fd:-1, eno:2, No such file or directory
02-25 17:08:56.592   4691-5088    C057c6/BinderInvoker           com.example.testnapi  I     BinderInvoker 92: created invoker 294904560
02-25 17:08:56.683   4691-4713    C02805/InputKeyFlow            com.example.testnapi  I     [][OnPointerEvent:188] ac: up: 974
02-25 17:08:56.683   4691-4713    C02805/InputKeyFlow            com.example.testnapi  I     [P:U:974][OnPointerEvent:490] id:974 recv
02-25 17:08:56.683   4691-4713    C04213/InputKeyFlow            com.example.testnapi  I     [input_transfer_station.cpp] OnInputEvent<82>: eid:1,InputId:974,wid:27,action:4
02-25 17:08:56.684   4691-4691    C03951/InputKeyFlow            com.example.testnapi  I     [pipeline_context.cpp(2097)-(100000:100000:scope)] InputTracking id:974, fingerId:0, x=121.000, y=173.000 type=1, inject=0
02-25 17:08:56.685   4691-4691    C03951/InputKeyFlow            com.example.testnapi  I     [exclusive_recognizer.cpp(110)-(100000:100000:scope)] Id:974, exclusive 0 type: 1
02-25 17:08:56.685   4691-4691    C03951/InputKeyFlow            com.example.testnapi  I     [click_recognizer.cpp(271)-(100000:100000:scope)] Id:974, click 0 up, state: 0
02-25 17:08:56.685   4691-4691    C0391e/AceGesture              com.example.testnapi  I     [click_recognizer.cpp(306)-(100000:100000:scope)] Click try accept
02-25 17:08:56.686   4691-4691    C03951/InputKeyFlow            com.example.testnapi  I     [click_recognizer.cpp(163)-(100000:100000:scope)] Click accepted, tag: TextArea
02-25 17:08:56.686   4691-4691    C03914/AceTextField            com.example.testnapi  I     [text_field_pattern.cpp(2196)-(100000:100000:scope)] textfield 8 request focus currently
02-25 17:08:56.686   4691-4691    C0391c/AceFocus                com.example.testnapi  I     [focus_hub.cpp(1127)-(100000:100000:scope)] Node(Column/7) on focus
02-25 17:08:56.686   4691-4691    C0391c/AceFocus                com.example.testnapi  I     [focus_hub.cpp(1127)-(100000:100000:scope)] Node(TextArea/8) on focus
02-25 17:08:56.686   4691-4691    C03914/AceTextField            com.example.testnapi  I     [text_field_pattern.cpp(924)-(100000:100000:scope)] TextField 8 on focus
02-25 17:08:56.687   4691-4691    C03914/AceTextField            com.example.testnapi  I     [text_field_pattern.cpp(4749)-(100000:100000:scope)] 8 RequestKeyboardByFocusSwitch: onFocus_: 0 Inner: 1 modalCovered: 0
02-25 17:08:56.687   4691-4691    C03914/AceTextField            com.example.testnapi  I     [text_field_pattern.cpp(4758)-(100000:100000:scope)] 8 add requestkeyboard task
02-25 17:08:56.687   4691-4691    C0391c/AceFocus                com.example.testnapi  I     [focus_manager.cpp(338)-(100000:100000:scope)] FocusSwitching end, startReason: 2, endReason: 4, updateReason: 2
02-25 17:08:56.687   4691-4691    C03933/AceKeyboard             com.example.testnapi  I     [input_method_manager_ohos.cpp(52)-(100000:100000:scope)] current focus node info : (TextArea/8).
02-25 17:08:56.687   4691-4691    C03912/AceTextInput            com.example.testnapi  I     [text_input_ai_checker.cpp(25)-(100000:100000:scope)] NeedAIAnalysis type is 0,return!
02-25 17:08:56.687   4691-4691    C03914/AceTextField            com.example.testnapi  I     [text_select_controller.cpp(166)-(100000:100000:scope)] now caret index = [0]
02-25 17:08:56.687   4691-4691    C03914/AceTextField            com.example.testnapi  I     [text_field_pattern.cpp(2274)-(100000:100000:scope)] DoProcessAutoFill
02-25 17:08:56.688   4691-4691    C03f00/MUSL-LDSO               com.example.testnapi  E     Open absolute_path library: check ns accessible failed, pathname /system/lib64/module/hms/core/atomicservicecomponent/libhint2type.z.so namespace ndk.
02-25 17:08:56.688   4691-4691    C03f00/MUSL-LDSO               com.example.testnapi  E     Error loading header /system/lib64/module/hms/core/atomicservicecomponent/libhint2type.z.so, namespace ndk has no inherits, errno=2
02-25 17:08:56.688   4691-4691    C03f00/MUSL-LDSO               com.example.testnapi  E     Error loading header: can't find library /system/lib64/module/hms/core/atomicservicecomponent/libhint2type.z.so in namespace: default
02-25 17:08:56.688   4691-4691    C03f00/MUSL-LDSO               com.example.testnapi  E     dlopen_impl load library header failed for /system/lib64/module/hms/core/atomicservicecomponent/libhint2type.z.so
02-25 17:08:56.688   4691-4691    C03900/Ace                     com.example.testnapi  E     [view_data_wrap_ohos.cpp(74)-(100000:100000:scope)] Failed to open libhint2type library /system/lib64/module/hms/core/atomicservicecomponent/libhint2type.z.so, reason: Error loading shared library /system/lib64/module/hms/core/atomicservicecomponent/libhint2type.z.so: No such file or directoryn
02-25 17:08:56.688   4691-4691    C03932/AceAutoFill             com.example.testnapi  E     [ace_container.cpp(1375)-(100000:100000:scope)] Load Hint2Type Failed !
02-25 17:08:56.688   4691-4691    C03932/AceAutoFill             com.example.testnapi  E     [text_field_pattern.cpp(2318)-(100000:100000:scope)] CheckAutoFillType :autoFillType is ACE_UNSPECIFIED.
02-25 17:08:56.688   4691-4691    C03932/AceAutoFill             com.example.testnapi  I     [text_field_pattern.cpp(2421)-(100000:100000:scope)] No need to auto fill.
02-25 17:08:56.688   4691-4691    C03914/AceTextField            com.example.testnapi  I     [text_field_pattern.cpp(4786)-(100000:100000:scope)] 8 requestKeyboard With Reason 2
02-25 17:08:56.688   4691-4691    C03914/AceTextField            com.example.testnapi  I     [text_field_pattern.cpp(3578)-(100000:100000:scope)] textfield to request keyboardshowsoftkeyboard: 1
02-25 17:08:56.689   4691-4691    C03914/AceTextField            com.example.testnapi  I     [text_field_pattern.cpp(3696)-(100000:100000:scope)] textfield 8 MiscTextConfig positionY: 237.000000, height: 76.000000
02-25 17:08:56.689   4691-4691    C03914/AceTextField            com.example.testnapi  I     [text_field_pattern.cpp(3605)-(100000:100000:scope)] node 8 RequestKeyboard set calling window id:27 inputType: -1 enterKeyType: 8
02-25 17:08:56.689   4691-4691    C01c10/ImsaKit                 com.example.testnapi  I     line: 231, function: Attach,isShowKeyboard 1
02-25 17:08:56.702   4691-4694    C03914/AceTextField            com.example.testnapi  I     [on_text_changed_listener_impl.cpp(142)-(-1:100000:singleton)] SendKeyboardStatus status: 2
02-25 17:08:56.702   4691-4694    C03914/AceTextField            com.example.testnapi  I     [on_text_changed_listener_impl.cpp(86)-(-1:100000:singleton)] SetKeyboardStatus status: 1
02-25 17:08:56.702   4691-4691    C01c10/ImsaKit                 com.example.testnapi  I     line: 941, function: OnInputReady,IMC
02-25 17:08:56.703   4691-4691    C01c10/ImsaKit                 com.example.testnapi  I     line: 255, function: Attach,bind imf successfully
02-25 17:08:56.703   4691-4691    C03914/AceTextField            com.example.testnapi  I     [text_field_pattern.cpp(3696)-(100000:100000:scope)] textfield 8 MiscTextConfig positionY: 237.000000, height: 76.000000
02-25 17:08:56.703   4691-4691    C01c10/ImsaKit                 com.example.testnapi  I     line: 626, function: OnCursorUpdate,left: 99, top: 249, height: 28
02-25 17:08:56.704   4691-4691    C01c10/ImsaKit                 com.example.testnapi  I     line: 660, function: OnSelectionChange,IMC size: 0, range: 0/0/0/0
02-25 17:08:56.704   4691-4691    C03914/AceTextField            com.example.testnapi  I     [text_field_pattern.cpp(697)-(100000:100000:scope)] UpdateCaretInfoToController, left 99.000000, top 249.000000, width 3.000000, height 28.000000, selectController_ Start 0, end 0
02-25 17:08:56.705   4691-4691    C03905/AceDrag                 com.example.testnapi  I     [drag_event.cpp(469)-(100000:100000:scope)] Tragger pan onReject
02-25 17:08:56.705   4691-4691    C03905/AceDrag                 com.example.testnapi  I     [drag_event.cpp(469)-(100000:100000:scope)] Tragger pan onReject
02-25 17:08:56.705   4691-4691    C03951/InputKeyFlow            com.example.testnapi  I     [pan_recognizer.cpp(296)-(100000:100000:scope)] Id:974, pan 0 up, state: 6
02-25 17:08:56.706   4691-4691    C03951/InputKeyFlow            com.example.testnapi  I     [parallel_recognizer.cpp(93)-(100000:100000:scope)] Id:974, parallel 0 type: 1
02-25 17:08:56.706   4691-4691    C03951/InputKeyFlow            com.example.testnapi  I     [long_press_recognizer.cpp(184)-(100000:100000:scope)] Id:974, LongPress 0 up, state: 6
02-25 17:08:56.706   4691-4691    C03951/InputKeyFlow            com.example.testnapi  I     [sequenced_recognizer.cpp(126)-(100000:100000:scope)] Id:974, sequenced 0 type: 1
02-25 17:08:56.706   4691-4691    C03951/InputKeyFlow            com.example.testnapi  I     [long_press_recognizer.cpp(184)-(100000:100000:scope)] Id:974, LongPress 0 up, state: 6
02-25 17:08:56.706   4691-4691    C03951/InputKeyFlow            com.example.testnapi  I     [long_press_recognizer.cpp(184)-(100000:100000:scope)] Id:974, LongPress 0 up, state: 6
02-25 17:08:56.706   4691-4691    C03919/AceInputTracking        com.example.testnapi  I     [event_manager.cpp(2042)-(100000:100000:scope)] Consumed new event id=974 in ace_container, lastEventInfo: id:973
02-25 17:08:56.708   4691-5093    C01719/ffrt                    com.example.testnapi  W     258:TrivalOpenQosCtrlNode:64 pid 4691 belong to user 20010049 open qos node warn, fd:-1, eno:2, No such file or directory
02-25 17:08:56.710   4691-4691    C03914/AceTextField            com.example.testnapi  I     [text_field_pattern.cpp(3696)-(100000:100000:scope)] textfield 8 MiscTextConfig positionY: 237.000000, height: 76.000000
02-25 17:08:56.711   4691-4691    C03914/AceTextField            com.example.testnapi  I     [text_field_pattern.cpp(683)-(100000:100000:scope)] UpdateCaretInfoToController, same to update caretInfo
02-25 17:08:56.711   4691-4694    C03900/Ace                     com.example.testnapi  I     [ui_content_impl.cpp(393)-(-1:100000:singleton)] OccupiedAreaChange rect:Rect (0.00, 855.00) - [1200.00 x 825.00] type: 0, positionY:0.000000, height:0.000000, instanceId_ 100000
02-25 17:08:56.711   4691-4691    C03914/AceTextField            com.example.testnapi  I     [text_field_pattern.cpp(4765)-(100000:100000:scope)] Already call close/attach before attach, no need attach this time
02-25 17:08:56.714   4691-4691    C03933/AceKeyboard             com.example.testnapi  I     [pipeline_context.cpp(1804)-(100000:100000:scope)] origin positionY: -120.000000, height 0.000000
02-25 17:08:56.714   4691-4691    C03933/AceKeyboard             com.example.testnapi  I     [pipeline_context.cpp(1853)-(100000:100000:scope)] keyboardHeight: 825.000000, positionY: 129.000000, textHeight: 64.000000, rootSize.Height() 1680.000000 final calculate keyboard offset is 0.000000
02-25 17:08:56.719   4691-5094    C01719/ffrt                    com.example.testnapi  W     278:TrivalOpenQosCtrlNode:64 pid 4691 belong to user 20010049 open qos node warn, fd:-1, eno:2, No such file or directory
02-25 17:08:57.975   4691-4694    C03914/AceTextField            com.example.testnapi  I     [on_text_changed_listener_impl.cpp(39)-(-1:100000:singleton)] InsertText length:1
02-25 17:08:57.987   4691-4691    C03914/AceTextField            com.example.testnapi  I     [text_field_pattern.cpp(3879)-(100000:100000:scope)] BeforeIMEInsertValue len:<private>,offset:<private>
02-25 17:08:57.987   4691-4691    C03914/AceTextField            com.example.testnapi  I     [text_field_pattern.cpp(3894)-(100000:100000:scope)] AfterIMEInsertValue len:<private>,offset:<private>
02-25 17:08:57.990   4691-4691    C03912/AceTextInput            com.example.testnapi  I     [text_select_controller.cpp(414)-(100000:100000:scope)] before move, handleRect.GetX():37.919952,handleRect.GetY():12.000000
02-25 17:08:57.990   4691-4691    C03912/AceTextInput            com.example.testnapi  I     [text_select_controller.cpp(450)-(100000:100000:scope)] after move, handleRect.GetX():36.419952,handleRect.GetY():12.000000
02-25 17:08:57.991   4691-4691    C03926/AceTheme                com.example.testnapi  W     [theme_style.h(125)-(100000:100000:scope)] style text_overlay_pattern not contains bg_color_disabled_alpha!
02-25 17:08:57.991   4691-4691    C03914/AceTextField            com.example.testnapi  I     [text_field_pattern.cpp(3696)-(100000:100000:scope)] textfield 8 MiscTextConfig positionY: 237.000000, height: 76.000000
02-25 17:08:57.991   4691-4691    C01c10/ImsaKit                 com.example.testnapi  I     line: 626, function: OnCursorUpdate,left: 111, top: 249, height: 28
02-25 17:08:57.992   4691-4691    C01c10/ImsaKit                 com.example.testnapi  I     line: 660, function: OnSelectionChange,IMC size: 1, range: 0/0/1/1
02-25 17:08:57.992   4691-4691    C03914/AceTextField            com.example.testnapi  I     [text_field_pattern.cpp(697)-(100000:100000:scope)] UpdateCaretInfoToController, left 111.419952, top 249.000000, width 3.000000, height 28.000000, selectController_ Start 1, end 1
02-25 17:08:57.992   4691-4691    C03914/AceTextField            com.example.testnapi  I     [text_field_event_hub.h(165)-(100000:100000:scope)] On change <private>
02-25 17:08:57.993   4691-4691    C03914/AceTextField            com.example.testnapi  I     [text_field_event_hub.h(166)-(100000:100000:scope)] On change previewText <private>
02-25 17:08:57.993   4691-4691    C03914/AceTextField            com.example.testnapi  I     [text_field_event_hub.h(167)-(100000:100000:scope)] On change previewText index <private>
02-25 17:08:58.005   4691-4691    C03914/AceTextField            com.example.testnapi  I     [text_field_model_ng.cpp(93)-(100000:100000:scope)] text field create node, id = 8
02-25 17:08:58.006   4691-4691    C03914/AceTextField            com.example.testnapi  I     [text_field_pattern.cpp(2608)-(100000:100000:scope)] textfield 8 Keyboard action is 8
02-25 17:08:58.011   4691-4691    C03912/AceTextInput            com.example.testnapi  I     [text_select_controller.cpp(414)-(100000:100000:scope)] before move, handleRect.GetX():37.919952,handleRect.GetY():12.000000
02-25 17:08:58.011   4691-4691    C03912/AceTextInput            com.example.testnapi  I     [text_select_controller.cpp(450)-(100000:100000:scope)] after move, handleRect.GetX():36.419952,handleRect.GetY():12.000000
02-25 17:08:58.011   4691-4691    C03914/AceTextField            com.example.testnapi  I     [text_field_pattern.cpp(3696)-(100000:100000:scope)] textfield 8 MiscTextConfig positionY: 237.000000, height: 76.000000
02-25 17:08:58.011   4691-4691    C03914/AceTextField            com.example.testnapi  I     [text_field_pattern.cpp(683)-(100000:100000:scope)] UpdateCaretInfoToController, same to update caretInfo
02-25 17:08:58.889   4691-4694    C03914/AceTextField            com.example.testnapi  I     [on_text_changed_listener_impl.cpp(39)-(-1:100000:singleton)] InsertText length:1
02-25 17:08:58.898   4691-4691    C03914/AceTextField            com.example.testnapi  I     [text_field_pattern.cpp(3879)-(100000:100000:scope)] BeforeIMEInsertValue len:<private>,offset:<private>
02-25 17:08:58.898   4691-4691    C03914/AceTextField            com.example.testnapi  I     [text_field_pattern.cpp(3894)-(100000:100000:scope)] AfterIMEInsertValue len:<private>,offset:<private>
02-25 17:08:58.902   4691-4691    C03912/AceTextInput            com.example.testnapi  I     [text_select_controller.cpp(414)-(100000:100000:scope)] before move, handleRect.GetX():43.703934,handleRect.GetY():12.000000
02-25 17:08:58.902   4691-4691    C03912/AceTextInput            com.example.testnapi  I     [text_select_controller.cpp(450)-(100000:100000:scope)] after move, handleRect.GetX():42.203934,handleRect.GetY():12.000000
02-25 17:08:58.902   4691-4691    C03914/AceTextField            com.example.testnapi  I     [text_field_pattern.cpp(3696)-(100000:100000:scope)] textfield 8 MiscTextConfig positionY: 237.000000, height: 76.000000
02-25 17:08:58.902   4691-4691    C01c10/ImsaKit                 com.example.testnapi  I     line: 626, function: OnCursorUpdate,left: 117, top: 249, height: 28
02-25 17:08:58.904   4691-4691    C01c10/ImsaKit                 com.example.testnapi  I     line: 660, function: OnSelectionChange,IMC size: 2, range: 1/1/2/2
02-25 17:08:58.905   4691-4691    C03914/AceTextField            com.example.testnapi  I     [text_field_pattern.cpp(697)-(100000:100000:scope)] UpdateCaretInfoToController, left 117.203934, top 249.000000, width 3.000000, height 28.000000, selectController_ Start 2, end 2
02-25 17:08:58.906   4691-4691    C03914/AceTextField            com.example.testnapi  I     [text_field_event_hub.h(165)-(100000:100000:scope)] On change <private>
02-25 17:08:58.906   4691-4691    C03914/AceTextField            com.example.testnapi  I     [text_field_event_hub.h(166)-(100000:100000:scope)] On change previewText <private>
02-25 17:08:58.906   4691-4691    C03914/AceTextField            com.example.testnapi  I     [text_field_event_hub.h(167)-(100000:100000:scope)] On change previewText index <private>
02-25 17:08:58.916   4691-4691    C03914/AceTextField            com.example.testnapi  I     [text_field_model_ng.cpp(93)-(100000:100000:scope)] text field create node, id = 8
02-25 17:08:58.917   4691-4691    C03914/AceTextField            com.example.testnapi  I     [text_field_pattern.cpp(2608)-(100000:100000:scope)] textfield 8 Keyboard action is 8
02-25 17:08:58.922   4691-4691    C03912/AceTextInput            com.example.testnapi  I     [text_select_controller.cpp(414)-(100000:100000:scope)] before move, handleRect.GetX():43.703934,handleRect.GetY():12.000000
02-25 17:08:58.922   4691-4691    C03912/AceTextInput            com.example.testnapi  I     [text_select_controller.cpp(450)-(100000:100000:scope)] after move, handleRect.GetX():42.203934,handleRect.GetY():12.000000
02-25 17:08:58.922   4691-4691    C03914/AceTextField            com.example.testnapi  I     [text_field_pattern.cpp(3696)-(100000:100000:scope)] textfield 8 MiscTextConfig positionY: 237.000000, height: 76.000000
02-25 17:08:58.922   4691-4691    C03914/AceTextField            com.example.testnapi  I     [text_field_pattern.cpp(683)-(100000:100000:scope)] UpdateCaretInfoToController, same to update caretInfo
02-25 17:09:00.041   4691-4713    C02805/InputKeyFlow            com.example.testnapi  I     [][OnPointerEvent:188] ac: down: 981
02-25 17:09:00.041   4691-4713    C02805/InputKeyFlow            com.example.testnapi  I     [P:D:981][OnPointerEvent:490] id:981 recv
02-25 17:09:00.041   4691-4713    C04213/InputKeyFlow            com.example.testnapi  I     [input_transfer_station.cpp] OnInputEvent<82>: eid:2,InputId:981,wid:27,action:2
02-25 17:09:00.042   4691-4713    C03900/Ace                     com.example.testnapi  I     [mmi_event_convertor.cpp(553)-(-1:100000:singleton)] pointdown windowId: 27
02-25 17:09:00.043   4691-4691    C03951/InputKeyFlow            com.example.testnapi  I     [pipeline_context.cpp(2097)-(100000:100000:scope)] InputTracking id:981, fingerId:0, x=793.000, y=342.000 type=0, inject=0
02-25 17:09:00.044   4691-4691    C03951/InputKeyFlow            com.example.testnapi  I     [event_manager.cpp(221)-(100000:100000:scope)] InputTracking id:981, touch test hitted node info: fingerId: 0{ tag: Button, frameRect: RectT (330.00, 16.00) - [682.50 x 28.00], depth: 8 };
02-25 17:09:00.044   4691-4691    C03951/InputKeyFlow            com.example.testnapi  I     [event_manager.cpp(308)-(100000:100000:scope)] InputTracking id:981, touch test hitted recognizer type info: recognizer type ClickRecognizer node info: { tag: Button };
02-25 17:09:00.046   4691-4691    C03951/InputKeyFlow            com.example.testnapi  I     [click_recognizer.cpp(210)-(100000:100000:scope)] Id:981, click 0 down, ETF: 0, CTP: 0, state: 0
02-25 17:09:00.047   4691-4691    C03919/AceInputTracking        com.example.testnapi  I     [event_manager.cpp(2042)-(100000:100000:scope)] Consumed new event id=981 in ace_container, lastEventInfo: id:973
02-25 17:09:00.049   4691-4713    C02805/InputKeyFlow            com.example.testnapi  I     [][OnPointerEvent:188] ac: move: 982
02-25 17:09:00.122   4691-4726    C01406/OHOS::RS                com.example.testnapi  I     RSUIDirector::ProcessMessages messageId:1, cmdCount:1, instanceId:100000
02-25 17:09:00.122   4691-4691    C01406/OHOS::RS                com.example.testnapi  I     RSUIDirector::PostTask messageId:1, cmdCount:1, instanceId:100000
02-25 17:09:00.184   4691-4713    C02805/InputKeyFlow            com.example.testnapi  I     [][OnPointerEvent:188] ac: up: 983
02-25 17:09:00.185   4691-4713    C02805/InputKeyFlow            com.example.testnapi  I     [P:U:983][OnPointerEvent:490] id:983 recv
02-25 17:09:00.185   4691-4713    C04213/InputKeyFlow            com.example.testnapi  I     [input_transfer_station.cpp] OnInputEvent<82>: eid:3,InputId:983,wid:27,action:4
02-25 17:09:00.186   4691-4691    C03951/InputKeyFlow            com.example.testnapi  I     [pipeline_context.cpp(2097)-(100000:100000:scope)] InputTracking id:983, fingerId:0, x=793.000, y=342.000 type=1, inject=0
02-25 17:09:00.187   4691-4691    C03951/InputKeyFlow            com.example.testnapi  I     [click_recognizer.cpp(271)-(100000:100000:scope)] Id:983, click 0 up, state: 0
02-25 17:09:00.187   4691-4691    C0391e/AceGesture              com.example.testnapi  I     [click_recognizer.cpp(306)-(100000:100000:scope)] Click try accept
02-25 17:09:00.187   4691-4691    C03951/InputKeyFlow            com.example.testnapi  I     [click_recognizer.cpp(163)-(100000:100000:scope)] Click accepted, tag: Button
02-25 17:09:00.192   4691-4691    A03d00/JSAPP                   com.example.testnapi  I     Generating streaming response for input: hi
02-25 17:09:00.192   4691-4691    C01650/ChatGPT                 com.example.testnapi  I     ChatGPT instance created
02-25 17:09:00.194   4691-4691    C01650/ChatGPT                 com.example.testnapi  I     Making request to Ollama API
02-25 17:09:03.919   4691-5094    C01719/ffrt                    com.example.testnapi  W     497:~WorkerThread:65 WorkerThread enter destruction
02-25 17:09:03.930   4691-5093    C01719/ffrt                    com.example.testnapi  W     501:~WorkerThread:65 WorkerThread enter destruction
02-25 17:09:05.050   4691-5088    C01719/ffrt                    com.example.testnapi  W     522:~WorkerThread:65 WorkerThread enter destruction
02-25 17:09:05.050   4691-5088    C057c6/BinderInvoker           com.example.testnapi  I     ~BinderInvoker 97: destroyed invoker 294904560
02-25 17:09:05.056   4691-5087    C01719/ffrt                    com.example.testnapi  W     526:~WorkerThread:65 WorkerThread enter destruction
02-25 17:09:05.056   4691-5087    C057c6/BinderInvoker           com.example.testnapi  I     ~BinderInvoker 97: destroyed invoker 294902576
02-25 17:09:05.613   4691-5495    C01719/ffrt                    com.example.testnapi  W     533:TrivalOpenQosCtrlNode:64 pid 4691 belong to user 20010049 open qos node warn, fd:-1, eno:2, No such file or directory
02-25 17:09:05.613   4691-5495    C01201/EventHandler            com.example.testnapi  I     EventHandler start dumper!
02-25 17:09:05.616   4691-5495    C01310/AppDfr                  com.example.testnapi  I     [appfreeze_inner.cpp:229]Start NotifyAppFault:THREAD_BLOCK_3S, pid:4691, bundleName:com.example.testnapi.
02-25 17:09:05.616   4691-5495    C057c6/BinderInvoker           com.example.testnapi  I     BinderInvoker 92: created invoker 269136512
02-25 17:09:05.619   4691-4693    C03f00/MUSL-SIGCHAIN           com.example.testnapi  E     signal_chain_handler call 2 rd sigchain action for signal: 35 sca_sigaction=3f9a0c670c noreturn=0 FREEZE_signo_35 thread_list_lock_status:0tl_lock_count=0 tl_lock_waiters=0tl_lock_tid_fail=-1 tl_lock_count_tid=199
02-25 17:09:05.620   4691-4693    C02d11/DfxSignalHandler        com.example.testnapi  I     DFX_SigchainHandler :: sig(35), pid(4691), tid(4693).
02-25 17:09:05.620   4691-4693    C02d11/DfxSignalHandler        com.example.testnapi  I     DFX_SigchainHandler :: sig(35), pid(4691), processName(com.example.testnapi), threadName(OS_IPC_0_4693).
02-25 17:09:05.707   4691-4693    C02d11/DfxSignalHandler        com.example.testnapi  I     start wait processdump read registers
02-25 17:09:05.706   4691-4694    C057c7/BinderConnector         com.example.testnapi  W     WriteBinder 209: ioctl_binder returned EINTR time:28999165707743
02-25 17:09:05.736   4691-4693    C02d11/DfxSignalHandler        com.example.testnapi  I     processdump have get all registers .
02-25 17:09:05.789   4691-4694    C057c7/BinderConnector         com.example.testnapi  W     WriteBinder 209: ioctl_binder returned EINTR time:28999248114535
02-25 17:09:05.789   4691-4697    C057c7/BinderConnector         com.example.testnapi  W     WriteBinder 209: ioctl_binder returned EINTR time:28999248233326
02-25 17:09:05.821   4691-4693    C02d11/DfxSignalHandler        com.example.testnapi  I     process dump end
02-25 17:09:05.821   4691-4693    C02d11/DfxSignalHandler        com.example.testnapi  I     Finish handle signal(35) in 4691:4693
02-25 17:09:05.821   4691-4693    C03f00/MUSL-SIGCHAIN           com.example.testnapi  E     signal_chain_handler call 2 rd sigchain action for signal: 35 directly return
02-25 17:09:05.821   4691-4694    C057c7/BinderConnector         com.example.testnapi  W     WriteBinder 209: ioctl_binder returned EINTR time:28999280426201
02-25 17:09:05.822   4691-5503    C057c1/IPCWorkThread           com.example.testnapi  I     ThreadHandler 110: proto:0 policy:0 name:OS_IPC_3_5503
02-25 17:09:05.822   4691-5503    C057c6/BinderInvoker           com.example.testnapi  I     BinderInvoker 92: created invoker 269137008
02-25 17:09:06.021   4691-5510    C057c1/IPCWorkThread           com.example.testnapi  I     ThreadHandler 110: proto:0 policy:0 name:OS_IPC_4_5510
02-25 17:09:06.021   4691-5510    C057c6/BinderInvoker           com.example.testnapi  I     BinderInvoker 92: created invoker 269137536
02-25 17:09:06.377   4691-4693    C057c7/BinderConnector         com.example.testnapi  W     WriteBinder 209: ioctl_binder returned EINTR time:28999836314118
02-25 17:09:08.613   4691-5495    C01201/EventHandler            com.example.testnapi  I     EventHandler start dumper!
02-25 17:09:08.616   4691-5495    C057c2/IPCObjectProxy          com.example.testnapi  I     SendRequest 137: handle:10 desc:*.AbilityManager refcnt:3 393548432
02-25 17:09:08.628   4691-5495    C01310/AppDfr                  com.example.testnapi  I     [appfreeze_inner.cpp:134]hisysevent write result=0, send event [FRAMEWORK,PROCESS_KILL], pid=4691, processName=com.example.testnapi, msg=Kill Reason:THREAD_BLOCK_6S
02-25 17:09:08.628   4691-5495    C01310/AppDfr                  com.example.testnapi  I     [appfreeze_inner.cpp:229]Start NotifyAppFault:THREAD_BLOCK_6S, pid:4691, bundleName:com.example.testnapi.
02-25 17:09:08.630   4691-5495    C01356/Recovery                com.example.testnapi  E     [app_recovery.cpp:171]is not enabled
02-25 17:09:08.630   4691-5495    C01356/Recovery                com.example.testnapi  E     [app_recovery.cpp:229]not enabled
02-25 17:09:08.631   4691-4694    C03f00/MUSL-SIGCHAIN           com.example.testnapi  E     signal_chain_handler call 2 rd sigchain action for signal: 35 sca_sigaction=3f9a0c670c noreturn=0 FREEZE_signo_35 thread_list_lock_status:0tl_lock_count=0 tl_lock_waiters=0tl_lock_tid_fail=-1 tl_lock_count_tid=199
02-25 17:09:08.631   4691-4694    C02d11/DfxSignalHandler        com.example.testnapi  I     DFX_SigchainHandler :: sig(35), pid(4691), tid(4694).
02-25 17:09:08.632   4691-4694    C02d11/DfxSignalHandler        com.example.testnapi  I     DFX_SigchainHandler :: sig(35), pid(4691), processName(com.example.testnapi), threadName(OS_IPC_1_4694).
02-25 17:09:08.722   4691-4694    C02d11/DfxSignalHandler        com.example.testnapi  I     start wait processdump read registers
02-25 17:09:08.757   4691-4694    C02d11/DfxSignalHandler        com.example.testnapi  I     processdump have get all registers .
02-25 17:09:08.811   4691-4693    C057c7/BinderConnector         com.example.testnapi  W     WriteBinder 209: ioctl_binder returned EINTR time:29002270689286
02-25 17:09:08.811   4691-4697    C057c7/BinderConnector         com.example.testnapi  W     WriteBinder 209: ioctl_binder returned EINTR time:29002270689953
02-25 17:09:08.812   4691-5503    C057c7/BinderConnector         com.example.testnapi  W     WriteBinder 209: ioctl_binder returned EINTR time:29002271204828
02-25 17:09:08.812   4691-5510    C057c7/BinderConnector         com.example.testnapi  W     WriteBinder 209: ioctl_binder returned EINTR time:29002271384869
02-25 17:09:08.842   4691-4694    C02d11/DfxSignalHandler        com.example.testnapi  I     process dump end
02-25 17:09:08.842   4691-4694    C02d11/DfxSignalHandler        com.example.testnapi  I     Finish handle signal(35) in 4691:4694
02-25 17:09:08.842   4691-4694    C03f00/MUSL-SIGCHAIN           com.example.testnapi  E     signal_chain_handler call 2 rd sigchain action for signal: 35 directly return
02-25 17:09:08.842   4691-4694    C057c7/BinderConnector         com.example.testnapi  W     WriteBinder 209: ioctl_binder returned EINTR time:29002301454619
